Component: ARM Compiler 5.06 update 6 (build 750) Tool: armlink [4d35ed]

==============================================================================

Section Cross References

    startup_stm32f103xe.o(RESET) refers to startup_stm32f103xe.o(STACK) for __initial_sp
    startup_stm32f103xe.o(RESET) refers to startup_stm32f103xe.o(.text) for Reset_Handler
    startup_stm32f103xe.o(RESET) refers to stm32f1xx_it.o(i.NMI_Handler) for NMI_Handler
    startup_stm32f103xe.o(RESET) refers to stm32f1xx_it.o(i.HardFault_Handler) for HardFault_Handler
    startup_stm32f103xe.o(RESET) refers to stm32f1xx_it.o(i.MemManage_Handler) for MemManage_Handler
    startup_stm32f103xe.o(RESET) refers to stm32f1xx_it.o(i.BusFault_Handler) for BusFault_Handler
    startup_stm32f103xe.o(RESET) refers to stm32f1xx_it.o(i.UsageFault_Handler) for UsageFault_Handler
    startup_stm32f103xe.o(RESET) refers to stm32f1xx_it.o(i.SVC_Handler) for SVC_Handler
    startup_stm32f103xe.o(RESET) refers to stm32f1xx_it.o(i.DebugMon_Handler) for DebugMon_Handler
    startup_stm32f103xe.o(RESET) refers to os_task.o(.emb_text) for PendSV_Handler
    startup_stm32f103xe.o(RESET) refers to os_task.o(i.SysTick_Handler) for SysTick_Handler
    startup_stm32f103xe.o(.text) refers to system_stm32f1xx.o(i.SystemInit) for SystemInit
    startup_stm32f103xe.o(.text) refers to entry.o(.ARM.Collect$$$$00000000) for __main
    main.o(i.SystemClock_Config) refers to memseta.o(.text) for __aeabi_memclr4
    main.o(i.SystemClock_Config) refers to stm32f1xx_hal_rcc.o(i.HAL_RCC_OscConfig) for HAL_RCC_OscConfig
    main.o(i.SystemClock_Config) refers to main.o(i.Error_Handler) for Error_Handler
    main.o(i.SystemClock_Config) refers to stm32f1xx_hal_rcc.o(i.HAL_RCC_ClockConfig) for HAL_RCC_ClockConfig
    main.o(i.main) refers to stm32f1xx_hal.o(i.HAL_Init) for HAL_Init
    main.o(i.main) refers to main.o(i.SystemClock_Config) for SystemClock_Config
    main.o(i.main) refers to main.o(i.MX_GPIO_Init) for MX_GPIO_Init
    main.o(i.main) refers to os_task.o(i.OS_TASK_OSInit) for OS_TASK_OSInit
    main.o(i.main) refers to os_task.o(i.OS_TASK_Init) for OS_TASK_Init
    main.o(i.main) refers to os_task.o(i.OS_TASK_HighestReadyTask) for OS_TASK_HighestReadyTask
    main.o(i.main) refers to os_task.o(i.OS_TASK_SetSysTickPeriod) for OS_TASK_SetSysTickPeriod
    main.o(i.main) refers to main.o(.bss) for task1Env
    main.o(i.main) refers to main.o(i.task1) for task1
    main.o(i.main) refers to main.o(i.task2) for task2
    main.o(i.main) refers to main.o(i.taskIdle) for taskIdle
    main.o(i.main) refers to os_task.o(.data) for nextTask
    main.o(i.task1) refers to os_task.o(i.OS_TASK_Delay) for OS_TASK_Delay
    main.o(i.task1) refers to main.o(.data) for unFlag1
    main.o(i.task2) refers to main.o(.data) for unFlag2
    main.o(i.taskIdle) refers to main.o(.data) for unCnt
    stm32f1xx_hal.o(i.HAL_DeInit) refers to stm32f1xx_hal.o(i.HAL_MspDeInit) for HAL_MspDeInit
    stm32f1xx_hal.o(i.HAL_Delay) refers to stm32f1xx_hal.o(i.HAL_GetTick) for HAL_GetTick
    stm32f1xx_hal.o(i.HAL_Delay) refers to stm32f1xx_hal.o(.data) for uwTickFreq
    stm32f1xx_hal.o(i.HAL_GetTick) refers to stm32f1xx_hal.o(.data) for uwTick
    stm32f1xx_hal.o(i.HAL_GetTickFreq) refers to stm32f1xx_hal.o(.data) for uwTickFreq
    stm32f1xx_hal.o(i.HAL_GetTickPrio) refers to stm32f1xx_hal.o(.data) for uwTickPrio
    stm32f1xx_hal.o(i.HAL_IncTick) refers to stm32f1xx_hal.o(.data) for uwTick
    stm32f1xx_hal.o(i.HAL_Init) refers to stm32f1xx_hal_cortex.o(i.HAL_NVIC_SetPriorityGrouping) for HAL_NVIC_SetPriorityGrouping
    stm32f1xx_hal.o(i.HAL_Init) refers to stm32f1xx_hal.o(i.HAL_InitTick) for HAL_InitTick
    stm32f1xx_hal.o(i.HAL_Init) refers to stm32f1xx_hal_msp.o(i.HAL_MspInit) for HAL_MspInit
    stm32f1xx_hal.o(i.HAL_InitTick) refers to stm32f1xx_hal_cortex.o(i.HAL_SYSTICK_Config) for HAL_SYSTICK_Config
    stm32f1xx_hal.o(i.HAL_InitTick) refers to stm32f1xx_hal_cortex.o(i.HAL_NVIC_SetPriority) for HAL_NVIC_SetPriority
    stm32f1xx_hal.o(i.HAL_InitTick) refers to stm32f1xx_hal.o(.data) for uwTickFreq
    stm32f1xx_hal.o(i.HAL_InitTick) refers to system_stm32f1xx.o(.data) for SystemCoreClock
    stm32f1xx_hal.o(i.HAL_SetTickFreq) refers to stm32f1xx_hal.o(i.HAL_InitTick) for HAL_InitTick
    stm32f1xx_hal.o(i.HAL_SetTickFreq) refers to stm32f1xx_hal.o(.data) for uwTickFreq
    stm32f1xx_hal_rcc.o(i.HAL_RCC_ClockConfig) refers to stm32f1xx_hal.o(i.HAL_GetTick) for HAL_GetTick
    stm32f1xx_hal_rcc.o(i.HAL_RCC_ClockConfig) refers to stm32f1xx_hal_rcc.o(i.HAL_RCC_GetSysClockFreq) for HAL_RCC_GetSysClockFreq
    stm32f1xx_hal_rcc.o(i.HAL_RCC_ClockConfig) refers to stm32f1xx_hal.o(i.HAL_InitTick) for HAL_InitTick
    stm32f1xx_hal_rcc.o(i.HAL_RCC_ClockConfig) refers to system_stm32f1xx.o(.constdata) for AHBPrescTable
    stm32f1xx_hal_rcc.o(i.HAL_RCC_ClockConfig) refers to system_stm32f1xx.o(.data) for SystemCoreClock
    stm32f1xx_hal_rcc.o(i.HAL_RCC_DeInit) refers to stm32f1xx_hal.o(i.HAL_GetTick) for HAL_GetTick
    stm32f1xx_hal_rcc.o(i.HAL_RCC_DeInit) refers to stm32f1xx_hal.o(i.HAL_InitTick) for HAL_InitTick
    stm32f1xx_hal_rcc.o(i.HAL_RCC_DeInit) refers to system_stm32f1xx.o(.data) for SystemCoreClock
    stm32f1xx_hal_rcc.o(i.HAL_RCC_GetHCLKFreq) refers to system_stm32f1xx.o(.data) for SystemCoreClock
    stm32f1xx_hal_rcc.o(i.HAL_RCC_GetPCLK1Freq) refers to stm32f1xx_hal_rcc.o(i.HAL_RCC_GetHCLKFreq) for HAL_RCC_GetHCLKFreq
    stm32f1xx_hal_rcc.o(i.HAL_RCC_GetPCLK1Freq) refers to system_stm32f1xx.o(.constdata) for APBPrescTable
    stm32f1xx_hal_rcc.o(i.HAL_RCC_GetPCLK2Freq) refers to stm32f1xx_hal_rcc.o(i.HAL_RCC_GetHCLKFreq) for HAL_RCC_GetHCLKFreq
    stm32f1xx_hal_rcc.o(i.HAL_RCC_GetPCLK2Freq) refers to system_stm32f1xx.o(.constdata) for APBPrescTable
    stm32f1xx_hal_rcc.o(i.HAL_RCC_MCOConfig) refers to stm32f1xx_hal_gpio.o(i.HAL_GPIO_Init) for HAL_GPIO_Init
    stm32f1xx_hal_rcc.o(i.HAL_RCC_NMI_IRQHandler) refers to stm32f1xx_hal_rcc.o(i.HAL_RCC_CSSCallback) for HAL_RCC_CSSCallback
    stm32f1xx_hal_rcc.o(i.HAL_RCC_OscConfig) refers to stm32f1xx_hal.o(i.HAL_GetTick) for HAL_GetTick
    stm32f1xx_hal_rcc.o(i.HAL_RCC_OscConfig) refers to stm32f1xx_hal_rcc.o(i.RCC_Delay) for RCC_Delay
    stm32f1xx_hal_rcc.o(i.RCC_Delay) refers to system_stm32f1xx.o(.data) for SystemCoreClock
    stm32f1xx_hal_rcc_ex.o(i.HAL_RCCEx_GetPeriphCLKFreq) refers to stm32f1xx_hal_rcc.o(i.HAL_RCC_GetSysClockFreq) for HAL_RCC_GetSysClockFreq
    stm32f1xx_hal_rcc_ex.o(i.HAL_RCCEx_GetPeriphCLKFreq) refers to stm32f1xx_hal_rcc.o(i.HAL_RCC_GetPCLK2Freq) for HAL_RCC_GetPCLK2Freq
    stm32f1xx_hal_rcc_ex.o(i.HAL_RCCEx_PeriphCLKConfig) refers to stm32f1xx_hal.o(i.HAL_GetTick) for HAL_GetTick
    stm32f1xx_hal_gpio.o(i.HAL_GPIO_EXTI_IRQHandler) refers to stm32f1xx_hal_gpio.o(i.HAL_GPIO_EXTI_Callback) for HAL_GPIO_EXTI_Callback
    stm32f1xx_hal_dma.o(i.HAL_DMA_PollForTransfer) refers to stm32f1xx_hal.o(i.HAL_GetTick) for HAL_GetTick
    stm32f1xx_hal_dma.o(i.HAL_DMA_Start) refers to stm32f1xx_hal_dma.o(i.DMA_SetConfig) for DMA_SetConfig
    stm32f1xx_hal_dma.o(i.HAL_DMA_Start_IT) refers to stm32f1xx_hal_dma.o(i.DMA_SetConfig) for DMA_SetConfig
    stm32f1xx_hal_cortex.o(i.HAL_NVIC_GetPriorityGrouping) refers to stm32f1xx_hal_cortex.o(i.NVIC_GetPriorityGrouping) for NVIC_GetPriorityGrouping
    stm32f1xx_hal_cortex.o(i.HAL_NVIC_SetPriority) refers to stm32f1xx_hal_cortex.o(i.NVIC_GetPriorityGrouping) for NVIC_GetPriorityGrouping
    stm32f1xx_hal_cortex.o(i.HAL_NVIC_SetPriority) refers to stm32f1xx_hal_cortex.o(i.NVIC_SetPriority) for NVIC_SetPriority
    stm32f1xx_hal_cortex.o(i.HAL_SYSTICK_Config) refers to stm32f1xx_hal_cortex.o(i.NVIC_SetPriority) for NVIC_SetPriority
    stm32f1xx_hal_cortex.o(i.HAL_SYSTICK_IRQHandler) refers to stm32f1xx_hal_cortex.o(i.HAL_SYSTICK_Callback) for HAL_SYSTICK_Callback
    stm32f1xx_hal_pwr.o(i.HAL_PWR_EnterSTOPMode) refers to stm32f1xx_hal_pwr.o(i.PWR_OverloadWfe) for PWR_OverloadWfe
    stm32f1xx_hal_pwr.o(i.HAL_PWR_PVD_IRQHandler) refers to stm32f1xx_hal_pwr.o(i.HAL_PWR_PVDCallback) for HAL_PWR_PVDCallback
    stm32f1xx_hal_flash.o(i.FLASH_Program_HalfWord) refers to stm32f1xx_hal_flash.o(.bss) for pFlash
    stm32f1xx_hal_flash.o(i.FLASH_SetErrorCode) refers to stm32f1xx_hal_flash.o(.bss) for pFlash
    stm32f1xx_hal_flash.o(i.FLASH_WaitForLastOperation) refers to stm32f1xx_hal.o(i.HAL_GetTick) for HAL_GetTick
    stm32f1xx_hal_flash.o(i.FLASH_WaitForLastOperation) refers to stm32f1xx_hal_flash.o(i.FLASH_SetErrorCode) for FLASH_SetErrorCode
    stm32f1xx_hal_flash.o(i.HAL_FLASH_GetError) refers to stm32f1xx_hal_flash.o(.bss) for pFlash
    stm32f1xx_hal_flash.o(i.HAL_FLASH_IRQHandler) refers to stm32f1xx_hal_flash.o(i.FLASH_SetErrorCode) for FLASH_SetErrorCode
    stm32f1xx_hal_flash.o(i.HAL_FLASH_IRQHandler) refers to stm32f1xx_hal_flash.o(i.HAL_FLASH_OperationErrorCallback) for HAL_FLASH_OperationErrorCallback
    stm32f1xx_hal_flash.o(i.HAL_FLASH_IRQHandler) refers to stm32f1xx_hal_flash.o(i.HAL_FLASH_EndOfOperationCallback) for HAL_FLASH_EndOfOperationCallback
    stm32f1xx_hal_flash.o(i.HAL_FLASH_IRQHandler) refers to stm32f1xx_hal_flash_ex.o(i.FLASH_PageErase) for FLASH_PageErase
    stm32f1xx_hal_flash.o(i.HAL_FLASH_IRQHandler) refers to stm32f1xx_hal_flash.o(i.FLASH_Program_HalfWord) for FLASH_Program_HalfWord
    stm32f1xx_hal_flash.o(i.HAL_FLASH_IRQHandler) refers to stm32f1xx_hal_flash.o(.bss) for pFlash
    stm32f1xx_hal_flash.o(i.HAL_FLASH_OB_Launch) refers to stm32f1xx_hal_cortex.o(i.HAL_NVIC_SystemReset) for HAL_NVIC_SystemReset
    stm32f1xx_hal_flash.o(i.HAL_FLASH_Program) refers to stm32f1xx_hal_flash.o(i.FLASH_WaitForLastOperation) for FLASH_WaitForLastOperation
    stm32f1xx_hal_flash.o(i.HAL_FLASH_Program) refers to llushr.o(.text) for __aeabi_llsr
    stm32f1xx_hal_flash.o(i.HAL_FLASH_Program) refers to stm32f1xx_hal_flash.o(i.FLASH_Program_HalfWord) for FLASH_Program_HalfWord
    stm32f1xx_hal_flash.o(i.HAL_FLASH_Program) refers to stm32f1xx_hal_flash.o(.bss) for pFlash
    stm32f1xx_hal_flash.o(i.HAL_FLASH_Program_IT) refers to stm32f1xx_hal_flash.o(i.FLASH_Program_HalfWord) for FLASH_Program_HalfWord
    stm32f1xx_hal_flash.o(i.HAL_FLASH_Program_IT) refers to stm32f1xx_hal_flash.o(.bss) for pFlash
    stm32f1xx_hal_flash_ex.o(i.FLASH_MassErase) refers to stm32f1xx_hal_flash.o(.bss) for pFlash
    stm32f1xx_hal_flash_ex.o(i.FLASH_OB_DisableWRP) refers to stm32f1xx_hal_flash_ex.o(i.FLASH_OB_GetWRP) for FLASH_OB_GetWRP
    stm32f1xx_hal_flash_ex.o(i.FLASH_OB_DisableWRP) refers to stm32f1xx_hal_flash.o(i.FLASH_WaitForLastOperation) for FLASH_WaitForLastOperation
    stm32f1xx_hal_flash_ex.o(i.FLASH_OB_DisableWRP) refers to stm32f1xx_hal_flash_ex.o(i.HAL_FLASHEx_OBErase) for HAL_FLASHEx_OBErase
    stm32f1xx_hal_flash_ex.o(i.FLASH_OB_DisableWRP) refers to stm32f1xx_hal_flash.o(.bss) for pFlash
    stm32f1xx_hal_flash_ex.o(i.FLASH_OB_EnableWRP) refers to stm32f1xx_hal_flash_ex.o(i.FLASH_OB_GetWRP) for FLASH_OB_GetWRP
    stm32f1xx_hal_flash_ex.o(i.FLASH_OB_EnableWRP) refers to stm32f1xx_hal_flash.o(i.FLASH_WaitForLastOperation) for FLASH_WaitForLastOperation
    stm32f1xx_hal_flash_ex.o(i.FLASH_OB_EnableWRP) refers to stm32f1xx_hal_flash_ex.o(i.HAL_FLASHEx_OBErase) for HAL_FLASHEx_OBErase
    stm32f1xx_hal_flash_ex.o(i.FLASH_OB_EnableWRP) refers to stm32f1xx_hal_flash.o(.bss) for pFlash
    stm32f1xx_hal_flash_ex.o(i.FLASH_OB_ProgramData) refers to stm32f1xx_hal_flash.o(i.FLASH_WaitForLastOperation) for FLASH_WaitForLastOperation
    stm32f1xx_hal_flash_ex.o(i.FLASH_OB_ProgramData) refers to stm32f1xx_hal_flash.o(.bss) for pFlash
    stm32f1xx_hal_flash_ex.o(i.FLASH_OB_RDP_LevelConfig) refers to stm32f1xx_hal_flash.o(i.FLASH_WaitForLastOperation) for FLASH_WaitForLastOperation
    stm32f1xx_hal_flash_ex.o(i.FLASH_OB_RDP_LevelConfig) refers to stm32f1xx_hal_flash.o(.bss) for pFlash
    stm32f1xx_hal_flash_ex.o(i.FLASH_OB_UserConfig) refers to stm32f1xx_hal_flash.o(i.FLASH_WaitForLastOperation) for FLASH_WaitForLastOperation
    stm32f1xx_hal_flash_ex.o(i.FLASH_OB_UserConfig) refers to stm32f1xx_hal_flash.o(.bss) for pFlash
    stm32f1xx_hal_flash_ex.o(i.FLASH_PageErase) refers to stm32f1xx_hal_flash.o(.bss) for pFlash
    stm32f1xx_hal_flash_ex.o(i.HAL_FLASHEx_Erase) refers to stm32f1xx_hal_flash.o(i.FLASH_WaitForLastOperation) for FLASH_WaitForLastOperation
    stm32f1xx_hal_flash_ex.o(i.HAL_FLASHEx_Erase) refers to stm32f1xx_hal_flash_ex.o(i.FLASH_MassErase) for FLASH_MassErase
    stm32f1xx_hal_flash_ex.o(i.HAL_FLASHEx_Erase) refers to stm32f1xx_hal_flash_ex.o(i.FLASH_PageErase) for FLASH_PageErase
    stm32f1xx_hal_flash_ex.o(i.HAL_FLASHEx_Erase) refers to stm32f1xx_hal_flash.o(.bss) for pFlash
    stm32f1xx_hal_flash_ex.o(i.HAL_FLASHEx_Erase_IT) refers to stm32f1xx_hal_flash_ex.o(i.FLASH_MassErase) for FLASH_MassErase
    stm32f1xx_hal_flash_ex.o(i.HAL_FLASHEx_Erase_IT) refers to stm32f1xx_hal_flash_ex.o(i.FLASH_PageErase) for FLASH_PageErase
    stm32f1xx_hal_flash_ex.o(i.HAL_FLASHEx_Erase_IT) refers to stm32f1xx_hal_flash.o(.bss) for pFlash
    stm32f1xx_hal_flash_ex.o(i.HAL_FLASHEx_OBErase) refers to stm32f1xx_hal_flash_ex.o(i.FLASH_OB_GetRDP) for FLASH_OB_GetRDP
    stm32f1xx_hal_flash_ex.o(i.HAL_FLASHEx_OBErase) refers to stm32f1xx_hal_flash.o(i.FLASH_WaitForLastOperation) for FLASH_WaitForLastOperation
    stm32f1xx_hal_flash_ex.o(i.HAL_FLASHEx_OBErase) refers to stm32f1xx_hal_flash_ex.o(i.FLASH_OB_RDP_LevelConfig) for FLASH_OB_RDP_LevelConfig
    stm32f1xx_hal_flash_ex.o(i.HAL_FLASHEx_OBErase) refers to stm32f1xx_hal_flash.o(.bss) for pFlash
    stm32f1xx_hal_flash_ex.o(i.HAL_FLASHEx_OBGetConfig) refers to stm32f1xx_hal_flash_ex.o(i.FLASH_OB_GetWRP) for FLASH_OB_GetWRP
    stm32f1xx_hal_flash_ex.o(i.HAL_FLASHEx_OBGetConfig) refers to stm32f1xx_hal_flash_ex.o(i.FLASH_OB_GetRDP) for FLASH_OB_GetRDP
    stm32f1xx_hal_flash_ex.o(i.HAL_FLASHEx_OBGetConfig) refers to stm32f1xx_hal_flash_ex.o(i.FLASH_OB_GetUser) for FLASH_OB_GetUser
    stm32f1xx_hal_flash_ex.o(i.HAL_FLASHEx_OBProgram) refers to stm32f1xx_hal_flash_ex.o(i.FLASH_OB_EnableWRP) for FLASH_OB_EnableWRP
    stm32f1xx_hal_flash_ex.o(i.HAL_FLASHEx_OBProgram) refers to stm32f1xx_hal_flash_ex.o(i.FLASH_OB_DisableWRP) for FLASH_OB_DisableWRP
    stm32f1xx_hal_flash_ex.o(i.HAL_FLASHEx_OBProgram) refers to stm32f1xx_hal_flash_ex.o(i.FLASH_OB_RDP_LevelConfig) for FLASH_OB_RDP_LevelConfig
    stm32f1xx_hal_flash_ex.o(i.HAL_FLASHEx_OBProgram) refers to stm32f1xx_hal_flash_ex.o(i.FLASH_OB_UserConfig) for FLASH_OB_UserConfig
    stm32f1xx_hal_flash_ex.o(i.HAL_FLASHEx_OBProgram) refers to stm32f1xx_hal_flash_ex.o(i.FLASH_OB_ProgramData) for FLASH_OB_ProgramData
    stm32f1xx_hal_flash_ex.o(i.HAL_FLASHEx_OBProgram) refers to stm32f1xx_hal_flash.o(.bss) for pFlash
    system_stm32f1xx.o(i.SystemCoreClockUpdate) refers to system_stm32f1xx.o(.data) for SystemCoreClock
    system_stm32f1xx.o(i.SystemCoreClockUpdate) refers to system_stm32f1xx.o(.constdata) for AHBPrescTable
    os_sem.o(i.OS_SEM_Destroy) refers to os_task.o(i.OS_TASK_EnterCritical) for OS_TASK_EnterCritical
    os_sem.o(i.OS_SEM_Destroy) refers to os_event.o(i.OS_EVENT_ClearAll) for OS_EVENT_ClearAll
    os_sem.o(i.OS_SEM_Destroy) refers to os_task.o(i.OS_TASK_ExitCritical) for OS_TASK_ExitCritical
    os_sem.o(i.OS_SEM_Destroy) refers to os_task.o(i.OS_TASK_Sched) for OS_TASK_Sched
    os_sem.o(i.OS_SEM_GetInfo) refers to os_task.o(i.OS_TASK_EnterCritical) for OS_TASK_EnterCritical
    os_sem.o(i.OS_SEM_GetInfo) refers to os_event.o(i.OS_EVENT_GetEventCount) for OS_EVENT_GetEventCount
    os_sem.o(i.OS_SEM_GetInfo) refers to os_task.o(i.OS_TASK_ExitCritical) for OS_TASK_ExitCritical
    os_sem.o(i.OS_SEM_Init) refers to os_event.o(i.OS_EVENT_Init) for OS_EVENT_Init
    os_sem.o(i.OS_SEM_NoWait) refers to os_task.o(i.OS_TASK_EnterCritical) for OS_TASK_EnterCritical
    os_sem.o(i.OS_SEM_NoWait) refers to os_task.o(i.OS_TASK_ExitCritical) for OS_TASK_ExitCritical
    os_sem.o(i.OS_SEM_Notify) refers to os_task.o(i.OS_TASK_EnterCritical) for OS_TASK_EnterCritical
    os_sem.o(i.OS_SEM_Notify) refers to os_event.o(i.OS_EVENT_GetEventCount) for OS_EVENT_GetEventCount
    os_sem.o(i.OS_SEM_Notify) refers to os_event.o(i.OS_EVENT_Wake) for OS_EVENT_Wake
    os_sem.o(i.OS_SEM_Notify) refers to os_task.o(i.OS_TASK_Sched) for OS_TASK_Sched
    os_sem.o(i.OS_SEM_Notify) refers to os_task.o(i.OS_TASK_ExitCritical) for OS_TASK_ExitCritical
    os_sem.o(i.OS_SEM_Notify) refers to os_task.o(.data) for currentTask
    os_sem.o(i.OS_SEM_Wait) refers to os_task.o(i.OS_TASK_EnterCritical) for OS_TASK_EnterCritical
    os_sem.o(i.OS_SEM_Wait) refers to os_task.o(i.OS_TASK_ExitCritical) for OS_TASK_ExitCritical
    os_sem.o(i.OS_SEM_Wait) refers to os_event.o(i.OS_EVENT_Wait) for OS_EVENT_Wait
    os_sem.o(i.OS_SEM_Wait) refers to os_task.o(i.OS_TASK_Sched) for OS_TASK_Sched
    os_sem.o(i.OS_SEM_Wait) refers to os_task.o(.data) for currentTask
    os_task.o(.emb_text) refers to os_task.o(.data) for currentTask
    os_task.o(i.OS_TASK_Delay) refers to os_task.o(i.OS_TASK_EnterCritical) for OS_TASK_EnterCritical
    os_task.o(i.OS_TASK_Delay) refers to os_task.o(i.OS_TASK_DelayWait) for OS_TASK_DelayWait
    os_task.o(i.OS_TASK_Delay) refers to os_task.o(i.OS_TASK_TaskUnRdy) for OS_TASK_TaskUnRdy
    os_task.o(i.OS_TASK_Delay) refers to os_task.o(i.OS_TASK_ExitCritical) for OS_TASK_ExitCritical
    os_task.o(i.OS_TASK_Delay) refers to os_task.o(i.OS_TASK_Sched) for OS_TASK_Sched
    os_task.o(i.OS_TASK_Delay) refers to os_task.o(.data) for currentTask
    os_task.o(i.OS_TASK_DelayRemove) refers to os_task.o(i.OS_TASK_EnterCritical) for OS_TASK_EnterCritical
    os_task.o(i.OS_TASK_DelayRemove) refers to os_com.o(i.OS_COM_DelNode) for OS_COM_DelNode
    os_task.o(i.OS_TASK_DelayRemove) refers to os_task.o(i.OS_TASK_ExitCritical) for OS_TASK_ExitCritical
    os_task.o(i.OS_TASK_DelayRemove) refers to os_task.o(.bss) for tNodeList
    os_task.o(i.OS_TASK_DelayWait) refers to os_com.o(i.OS_COM_AddNode) for OS_COM_AddNode
    os_task.o(i.OS_TASK_DelayWait) refers to os_task.o(.bss) for tNodeList
    os_task.o(i.OS_TASK_DelayWakeup) refers to os_com.o(i.OS_COM_DelNode) for OS_COM_DelNode
    os_task.o(i.OS_TASK_DelayWakeup) refers to os_task.o(.bss) for tNodeList
    os_task.o(i.OS_TASK_DeleteReq) refers to os_task.o(i.OS_TASK_EnterCritical) for OS_TASK_EnterCritical
    os_task.o(i.OS_TASK_DeleteReq) refers to os_task.o(i.OS_TASK_ExitCritical) for OS_TASK_ExitCritical
    os_task.o(i.OS_TASK_ForceDelete) refers to os_task.o(i.OS_TASK_ScheduleRemove) for OS_TASK_ScheduleRemove
    os_task.o(i.OS_TASK_ForceDelete) refers to os_task.o(i.OS_TASK_DelayRemove) for OS_TASK_DelayRemove
    os_task.o(i.OS_TASK_ForceDelete) refers to os_task.o(i.OS_TASK_Sched) for OS_TASK_Sched
    os_task.o(i.OS_TASK_ForceDelete) refers to os_task.o(.data) for currentTask
    os_task.o(i.OS_TASK_GetTaskInfo) refers to os_task.o(i.OS_TASK_EnterCritical) for OS_TASK_EnterCritical
    os_task.o(i.OS_TASK_GetTaskInfo) refers to os_task.o(i.OS_TASK_ExitCritical) for OS_TASK_ExitCritical
    os_task.o(i.OS_TASK_HighestReadyTask) refers to os_com.o(i.OS_COM_GetFirstBit) for OS_COM_GetFirstBit
    os_task.o(i.OS_TASK_HighestReadyTask) refers to os_task.o(.data) for tBitmap
    os_task.o(i.OS_TASK_HighestReadyTask) refers to os_task.o(.bss) for taskTable
    os_task.o(i.OS_TASK_Init) refers to os_com.o(i.OS_COM_SetBitmap) for OS_COM_SetBitmap
    os_task.o(i.OS_TASK_Init) refers to os_com.o(i.OS_COM_AddNode) for OS_COM_AddNode
    os_task.o(i.OS_TASK_Init) refers to os_event.o(i.OS_EVENT_Init) for OS_EVENT_Init
    os_task.o(i.OS_TASK_Init) refers to os_task.o(.data) for tBitmap
    os_task.o(i.OS_TASK_Init) refers to os_task.o(.bss) for taskTable
    os_task.o(i.OS_TASK_OSInit) refers to os_task.o(i.OS_TASK_SetSysTickPeriod) for OS_TASK_SetSysTickPeriod
    os_task.o(i.OS_TASK_OSInit) refers to os_task.o(i.OS_TASK_ScheduleInit) for OS_TASK_ScheduleInit
    os_task.o(i.OS_TASK_OSInit) refers to os_com.o(i.OS_COM_InitList) for OS_COM_InitList
    os_task.o(i.OS_TASK_OSInit) refers to os_task.o(.bss) for tNodeList
    os_task.o(i.OS_TASK_RegisterCLearFn) refers to os_task.o(i.OS_TASK_EnterCritical) for OS_TASK_EnterCritical
    os_task.o(i.OS_TASK_RegisterCLearFn) refers to os_task.o(i.OS_TASK_ExitCritical) for OS_TASK_ExitCritical
    os_task.o(i.OS_TASK_RunFirst) refers to os_task.o(i.OS_TASK_TriggerPendSVC) for OS_TASK_TriggerPendSVC
    os_task.o(i.OS_TASK_Sched) refers to os_task.o(i.OS_TASK_EnterCritical) for OS_TASK_EnterCritical
    os_task.o(i.OS_TASK_Sched) refers to os_task.o(i.OS_TASK_HighestReadyTask) for OS_TASK_HighestReadyTask
    os_task.o(i.OS_TASK_Sched) refers to os_task.o(i.OS_TASK_Switch) for OS_TASK_Switch
    os_task.o(i.OS_TASK_Sched) refers to os_task.o(i.OS_TASK_ExitCritical) for OS_TASK_ExitCritical
    os_task.o(i.OS_TASK_Sched) refers to os_task.o(.data) for gunSchedule
    os_task.o(i.OS_TASK_ScheduleDisable) refers to os_task.o(i.OS_TASK_EnterCritical) for OS_TASK_EnterCritical
    os_task.o(i.OS_TASK_ScheduleDisable) refers to os_task.o(i.OS_TASK_ExitCritical) for OS_TASK_ExitCritical
    os_task.o(i.OS_TASK_ScheduleDisable) refers to os_task.o(.data) for gunSchedule
    os_task.o(i.OS_TASK_ScheduleEnable) refers to os_task.o(i.OS_TASK_EnterCritical) for OS_TASK_EnterCritical
    os_task.o(i.OS_TASK_ScheduleEnable) refers to os_task.o(i.OS_TASK_ExitCritical) for OS_TASK_ExitCritical
    os_task.o(i.OS_TASK_ScheduleEnable) refers to os_task.o(.data) for gunSchedule
    os_task.o(i.OS_TASK_ScheduleInit) refers to os_task.o(.data) for gunSchedule
    os_task.o(i.OS_TASK_ScheduleRemove) refers to os_task.o(i.OS_TASK_EnterCritical) for OS_TASK_EnterCritical
    os_task.o(i.OS_TASK_ScheduleRemove) refers to os_com.o(i.OS_COM_DelNode) for OS_COM_DelNode
    os_task.o(i.OS_TASK_ScheduleRemove) refers to os_com.o(i.OS_COM_GetNodeCount) for OS_COM_GetNodeCount
    os_task.o(i.OS_TASK_ScheduleRemove) refers to os_com.o(i.OS_COM_ClrBitmap) for OS_COM_ClrBitmap
    os_task.o(i.OS_TASK_ScheduleRemove) refers to os_task.o(i.OS_TASK_ExitCritical) for OS_TASK_ExitCritical
    os_task.o(i.OS_TASK_ScheduleRemove) refers to os_task.o(.bss) for taskTable
    os_task.o(i.OS_TASK_ScheduleRemove) refers to os_task.o(.data) for tBitmap
    os_task.o(i.OS_TASK_SelfDelete) refers to os_task.o(i.OS_TASK_ScheduleRemove) for OS_TASK_ScheduleRemove
    os_task.o(i.OS_TASK_SelfDelete) refers to os_task.o(i.OS_TASK_Sched) for OS_TASK_Sched
    os_task.o(i.OS_TASK_SelfDelete) refers to os_task.o(.data) for currentTask
    os_task.o(i.OS_TASK_SetSysTickPeriod) refers to system_stm32f1xx.o(.data) for SystemCoreClock
    os_task.o(i.OS_TASK_SuspendTask) refers to os_task.o(i.OS_TASK_EnterCritical) for OS_TASK_EnterCritical
    os_task.o(i.OS_TASK_SuspendTask) refers to os_task.o(i.OS_TASK_TaskUnRdy) for OS_TASK_TaskUnRdy
    os_task.o(i.OS_TASK_SuspendTask) refers to os_task.o(i.OS_TASK_ExitCritical) for OS_TASK_ExitCritical
    os_task.o(i.OS_TASK_SuspendTask) refers to os_task.o(i.OS_TASK_Sched) for OS_TASK_Sched
    os_task.o(i.OS_TASK_SuspendTask) refers to os_task.o(.data) for currentTask
    os_task.o(i.OS_TASK_SystemTickHandler) refers to os_task.o(i.OS_TASK_EnterCritical) for OS_TASK_EnterCritical
    os_task.o(i.OS_TASK_SystemTickHandler) refers to os_task.o(i.OS_TASK_DelayWakeup) for OS_TASK_DelayWakeup
    os_task.o(i.OS_TASK_SystemTickHandler) refers to os_task.o(i.OS_TASK_TaskRdy) for OS_TASK_TaskRdy
    os_task.o(i.OS_TASK_SystemTickHandler) refers to os_com.o(i.OS_COM_DelNode) for OS_COM_DelNode
    os_task.o(i.OS_TASK_SystemTickHandler) refers to os_com.o(i.OS_COM_AddNode) for OS_COM_AddNode
    os_task.o(i.OS_TASK_SystemTickHandler) refers to os_task.o(i.OS_TASK_ExitCritical) for OS_TASK_ExitCritical
    os_task.o(i.OS_TASK_SystemTickHandler) refers to os_task.o(i.OS_TASK_Sched) for OS_TASK_Sched
    os_task.o(i.OS_TASK_SystemTickHandler) refers to os_task.o(.bss) for tNodeList
    os_task.o(i.OS_TASK_SystemTickHandler) refers to os_task.o(.data) for currentTask
    os_task.o(i.OS_TASK_TaskRdy) refers to os_com.o(i.OS_COM_AddNode) for OS_COM_AddNode
    os_task.o(i.OS_TASK_TaskRdy) refers to os_com.o(i.OS_COM_SetBitmap) for OS_COM_SetBitmap
    os_task.o(i.OS_TASK_TaskRdy) refers to os_task.o(.bss) for taskTable
    os_task.o(i.OS_TASK_TaskRdy) refers to os_task.o(.data) for tBitmap
    os_task.o(i.OS_TASK_TaskUnRdy) refers to os_com.o(i.OS_COM_DelNode) for OS_COM_DelNode
    os_task.o(i.OS_TASK_TaskUnRdy) refers to os_com.o(i.OS_COM_GetNodeCount) for OS_COM_GetNodeCount
    os_task.o(i.OS_TASK_TaskUnRdy) refers to os_com.o(i.OS_COM_ClrBitmap) for OS_COM_ClrBitmap
    os_task.o(i.OS_TASK_TaskUnRdy) refers to os_task.o(.bss) for taskTable
    os_task.o(i.OS_TASK_TaskUnRdy) refers to os_task.o(.data) for tBitmap
    os_task.o(i.OS_TASK_WakeUpTask) refers to os_task.o(i.OS_TASK_EnterCritical) for OS_TASK_EnterCritical
    os_task.o(i.OS_TASK_WakeUpTask) refers to os_task.o(i.OS_TASK_TaskRdy) for OS_TASK_TaskRdy
    os_task.o(i.OS_TASK_WakeUpTask) refers to os_task.o(i.OS_TASK_ExitCritical) for OS_TASK_ExitCritical
    os_task.o(i.SysTick_Handler) refers to os_task.o(i.OS_TASK_SystemTickHandler) for OS_TASK_SystemTickHandler
    os_com.o(i.OS_COM_GetFirstBit) refers to os_com.o(.data) for bitmaptable
    os_event.o(i.OS_EVENT_ClearAll) refers to os_task.o(i.OS_TASK_EnterCritical) for OS_TASK_EnterCritical
    os_event.o(i.OS_EVENT_ClearAll) refers to os_com.o(i.OS_COM_GetNodeCount) for OS_COM_GetNodeCount
    os_event.o(i.OS_EVENT_ClearAll) refers to os_task.o(i.OS_TASK_DelayWakeup) for OS_TASK_DelayWakeup
    os_event.o(i.OS_EVENT_ClearAll) refers to os_task.o(i.OS_TASK_TaskRdy) for OS_TASK_TaskRdy
    os_event.o(i.OS_EVENT_ClearAll) refers to os_com.o(i.OS_COM_RemoveFirstNode) for OS_COM_RemoveFirstNode
    os_event.o(i.OS_EVENT_ClearAll) refers to os_task.o(i.OS_TASK_ExitCritical) for OS_TASK_ExitCritical
    os_event.o(i.OS_EVENT_Delete) refers to os_task.o(i.OS_TASK_EnterCritical) for OS_TASK_EnterCritical
    os_event.o(i.OS_EVENT_Delete) refers to os_com.o(i.OS_COM_DelNode) for OS_COM_DelNode
    os_event.o(i.OS_EVENT_Delete) refers to os_task.o(i.OS_TASK_ExitCritical) for OS_TASK_ExitCritical
    os_event.o(i.OS_EVENT_GetEventCount) refers to os_task.o(i.OS_TASK_EnterCritical) for OS_TASK_EnterCritical
    os_event.o(i.OS_EVENT_GetEventCount) refers to os_com.o(i.OS_COM_GetNodeCount) for OS_COM_GetNodeCount
    os_event.o(i.OS_EVENT_GetEventCount) refers to os_task.o(i.OS_TASK_ExitCritical) for OS_TASK_ExitCritical
    os_event.o(i.OS_EVENT_Init) refers to os_com.o(i.OS_COM_InitList) for OS_COM_InitList
    os_event.o(i.OS_EVENT_Wait) refers to os_task.o(i.OS_TASK_EnterCritical) for OS_TASK_EnterCritical
    os_event.o(i.OS_EVENT_Wait) refers to os_task.o(i.OS_TASK_TaskUnRdy) for OS_TASK_TaskUnRdy
    os_event.o(i.OS_EVENT_Wait) refers to os_com.o(i.OS_COM_AddNode) for OS_COM_AddNode
    os_event.o(i.OS_EVENT_Wait) refers to os_task.o(i.OS_TASK_ExitCritical) for OS_TASK_ExitCritical
    os_event.o(i.OS_EVENT_Wake) refers to os_task.o(i.OS_TASK_EnterCritical) for OS_TASK_EnterCritical
    os_event.o(i.OS_EVENT_Wake) refers to os_com.o(i.OS_COM_RemoveFirstNode) for OS_COM_RemoveFirstNode
    os_event.o(i.OS_EVENT_Wake) refers to os_task.o(i.OS_TASK_DelayWakeup) for OS_TASK_DelayWakeup
    os_event.o(i.OS_EVENT_Wake) refers to os_task.o(i.OS_TASK_TaskRdy) for OS_TASK_TaskRdy
    os_event.o(i.OS_EVENT_Wake) refers to os_task.o(i.OS_TASK_ExitCritical) for OS_TASK_ExitCritical
    entry.o(.ARM.Collect$$$$00000000) refers (Special) to entry10a.o(.ARM.Collect$$$$0000000D) for __rt_final_cpp
    entry.o(.ARM.Collect$$$$00000000) refers (Special) to entry11a.o(.ARM.Collect$$$$0000000F) for __rt_final_exit
    entry.o(.ARM.Collect$$$$00000000) refers (Special) to entry7b.o(.ARM.Collect$$$$00000008) for _main_clock
    entry.o(.ARM.Collect$$$$00000000) refers (Special) to entry8b.o(.ARM.Collect$$$$0000000A) for _main_cpp_init
    entry.o(.ARM.Collect$$$$00000000) refers (Special) to entry9a.o(.ARM.Collect$$$$0000000B) for _main_init
    entry.o(.ARM.Collect$$$$00000000) refers (Special) to entry5.o(.ARM.Collect$$$$00000004) for _main_scatterload
    entry.o(.ARM.Collect$$$$00000000) refers (Special) to entry2.o(.ARM.Collect$$$$00000001) for _main_stk
    entry2.o(.ARM.Collect$$$$00000001) refers to entry2.o(.ARM.Collect$$$$00002712) for __lit__00000000
    entry2.o(.ARM.Collect$$$$00002712) refers to startup_stm32f103xe.o(STACK) for __initial_sp
    entry2.o(__vectab_stack_and_reset_area) refers to startup_stm32f103xe.o(STACK) for __initial_sp
    entry2.o(__vectab_stack_and_reset_area) refers to entry.o(.ARM.Collect$$$$00000000) for __main
    entry5.o(.ARM.Collect$$$$00000004) refers to init.o(.text) for __scatterload
    entry9a.o(.ARM.Collect$$$$0000000B) refers to main.o(i.main) for main
    entry9b.o(.ARM.Collect$$$$0000000C) refers to main.o(i.main) for main
    init.o(.text) refers to entry5.o(.ARM.Collect$$$$00000004) for __main_after_scatterload


==============================================================================

Removing Unused input sections from the image.

    Removing startup_stm32f103xe.o(HEAP), (512 bytes).
    Removing main.o(.rev16_text), (4 bytes).
    Removing main.o(.revsh_text), (4 bytes).
    Removing main.o(.rrx_text), (6 bytes).
    Removing main.o(i.delay), (12 bytes).
    Removing stm32f1xx_it.o(.rev16_text), (4 bytes).
    Removing stm32f1xx_it.o(.revsh_text), (4 bytes).
    Removing stm32f1xx_it.o(.rrx_text), (6 bytes).
    Removing stm32f1xx_hal_msp.o(.rev16_text), (4 bytes).
    Removing stm32f1xx_hal_msp.o(.revsh_text), (4 bytes).
    Removing stm32f1xx_hal_msp.o(.rrx_text), (6 bytes).
    Removing stm32f1xx_hal_gpio_ex.o(.rev16_text), (4 bytes).
    Removing stm32f1xx_hal_gpio_ex.o(.revsh_text), (4 bytes).
    Removing stm32f1xx_hal_gpio_ex.o(.rrx_text), (6 bytes).
    Removing stm32f1xx_hal_gpio_ex.o(i.HAL_GPIOEx_ConfigEventout), (24 bytes).
    Removing stm32f1xx_hal_gpio_ex.o(i.HAL_GPIOEx_DisableEventout), (20 bytes).
    Removing stm32f1xx_hal_gpio_ex.o(i.HAL_GPIOEx_EnableEventout), (20 bytes).
    Removing stm32f1xx_hal_tim.o(.rev16_text), (4 bytes).
    Removing stm32f1xx_hal_tim.o(.revsh_text), (4 bytes).
    Removing stm32f1xx_hal_tim.o(.rrx_text), (6 bytes).
    Removing stm32f1xx_hal_tim_ex.o(.rev16_text), (4 bytes).
    Removing stm32f1xx_hal_tim_ex.o(.revsh_text), (4 bytes).
    Removing stm32f1xx_hal_tim_ex.o(.rrx_text), (6 bytes).
    Removing stm32f1xx_hal.o(.rev16_text), (4 bytes).
    Removing stm32f1xx_hal.o(.revsh_text), (4 bytes).
    Removing stm32f1xx_hal.o(.rrx_text), (6 bytes).
    Removing stm32f1xx_hal.o(i.HAL_DBGMCU_DisableDBGSleepMode), (20 bytes).
    Removing stm32f1xx_hal.o(i.HAL_DBGMCU_DisableDBGStandbyMode), (20 bytes).
    Removing stm32f1xx_hal.o(i.HAL_DBGMCU_DisableDBGStopMode), (20 bytes).
    Removing stm32f1xx_hal.o(i.HAL_DBGMCU_EnableDBGSleepMode), (20 bytes).
    Removing stm32f1xx_hal.o(i.HAL_DBGMCU_EnableDBGStandbyMode), (20 bytes).
    Removing stm32f1xx_hal.o(i.HAL_DBGMCU_EnableDBGStopMode), (20 bytes).
    Removing stm32f1xx_hal.o(i.HAL_DeInit), (36 bytes).
    Removing stm32f1xx_hal.o(i.HAL_Delay), (40 bytes).
    Removing stm32f1xx_hal.o(i.HAL_GetDEVID), (16 bytes).
    Removing stm32f1xx_hal.o(i.HAL_GetHalVersion), (8 bytes).
    Removing stm32f1xx_hal.o(i.HAL_GetREVID), (12 bytes).
    Removing stm32f1xx_hal.o(i.HAL_GetTickFreq), (12 bytes).
    Removing stm32f1xx_hal.o(i.HAL_GetTickPrio), (12 bytes).
    Removing stm32f1xx_hal.o(i.HAL_GetUID), (28 bytes).
    Removing stm32f1xx_hal.o(i.HAL_IncTick), (24 bytes).
    Removing stm32f1xx_hal.o(i.HAL_MspDeInit), (2 bytes).
    Removing stm32f1xx_hal.o(i.HAL_MspInit), (2 bytes).
    Removing stm32f1xx_hal.o(i.HAL_ResumeTick), (18 bytes).
    Removing stm32f1xx_hal.o(i.HAL_SetTickFreq), (40 bytes).
    Removing stm32f1xx_hal.o(i.HAL_SuspendTick), (18 bytes).
    Removing stm32f1xx_hal_rcc.o(.rev16_text), (4 bytes).
    Removing stm32f1xx_hal_rcc.o(.revsh_text), (4 bytes).
    Removing stm32f1xx_hal_rcc.o(.rrx_text), (6 bytes).
    Removing stm32f1xx_hal_rcc.o(i.HAL_RCC_CSSCallback), (2 bytes).
    Removing stm32f1xx_hal_rcc.o(i.HAL_RCC_DeInit), (264 bytes).
    Removing stm32f1xx_hal_rcc.o(i.HAL_RCC_DisableCSS), (12 bytes).
    Removing stm32f1xx_hal_rcc.o(i.HAL_RCC_EnableCSS), (12 bytes).
    Removing stm32f1xx_hal_rcc.o(i.HAL_RCC_GetClockConfig), (68 bytes).
    Removing stm32f1xx_hal_rcc.o(i.HAL_RCC_GetHCLKFreq), (12 bytes).
    Removing stm32f1xx_hal_rcc.o(i.HAL_RCC_GetOscConfig), (200 bytes).
    Removing stm32f1xx_hal_rcc.o(i.HAL_RCC_GetPCLK1Freq), (32 bytes).
    Removing stm32f1xx_hal_rcc.o(i.HAL_RCC_GetPCLK2Freq), (32 bytes).
    Removing stm32f1xx_hal_rcc.o(i.HAL_RCC_MCOConfig), (100 bytes).
    Removing stm32f1xx_hal_rcc.o(i.HAL_RCC_NMI_IRQHandler), (32 bytes).
    Removing stm32f1xx_hal_rcc_ex.o(.rev16_text), (4 bytes).
    Removing stm32f1xx_hal_rcc_ex.o(.revsh_text), (4 bytes).
    Removing stm32f1xx_hal_rcc_ex.o(.rrx_text), (6 bytes).
    Removing stm32f1xx_hal_rcc_ex.o(i.HAL_RCCEx_GetPeriphCLKConfig), (84 bytes).
    Removing stm32f1xx_hal_rcc_ex.o(i.HAL_RCCEx_GetPeriphCLKFreq), (316 bytes).
    Removing stm32f1xx_hal_rcc_ex.o(i.HAL_RCCEx_PeriphCLKConfig), (304 bytes).
    Removing stm32f1xx_hal_gpio.o(.rev16_text), (4 bytes).
    Removing stm32f1xx_hal_gpio.o(.revsh_text), (4 bytes).
    Removing stm32f1xx_hal_gpio.o(.rrx_text), (6 bytes).
    Removing stm32f1xx_hal_gpio.o(i.HAL_GPIO_DeInit), (344 bytes).
    Removing stm32f1xx_hal_gpio.o(i.HAL_GPIO_EXTI_Callback), (2 bytes).
    Removing stm32f1xx_hal_gpio.o(i.HAL_GPIO_EXTI_IRQHandler), (28 bytes).
    Removing stm32f1xx_hal_gpio.o(i.HAL_GPIO_Init), (832 bytes).
    Removing stm32f1xx_hal_gpio.o(i.HAL_GPIO_LockPin), (46 bytes).
    Removing stm32f1xx_hal_gpio.o(i.HAL_GPIO_ReadPin), (16 bytes).
    Removing stm32f1xx_hal_gpio.o(i.HAL_GPIO_TogglePin), (8 bytes).
    Removing stm32f1xx_hal_gpio.o(i.HAL_GPIO_WritePin), (12 bytes).
    Removing stm32f1xx_hal_dma.o(.rev16_text), (4 bytes).
    Removing stm32f1xx_hal_dma.o(.revsh_text), (4 bytes).
    Removing stm32f1xx_hal_dma.o(.rrx_text), (6 bytes).
    Removing stm32f1xx_hal_dma.o(i.DMA_SetConfig), (44 bytes).
    Removing stm32f1xx_hal_dma.o(i.HAL_DMA_Abort), (58 bytes).
    Removing stm32f1xx_hal_dma.o(i.HAL_DMA_Abort_IT), (424 bytes).
    Removing stm32f1xx_hal_dma.o(i.HAL_DMA_DeInit), (140 bytes).
    Removing stm32f1xx_hal_dma.o(i.HAL_DMA_GetError), (6 bytes).
    Removing stm32f1xx_hal_dma.o(i.HAL_DMA_GetState), (8 bytes).
    Removing stm32f1xx_hal_dma.o(i.HAL_DMA_IRQHandler), (920 bytes).
    Removing stm32f1xx_hal_dma.o(i.HAL_DMA_Init), (140 bytes).
    Removing stm32f1xx_hal_dma.o(i.HAL_DMA_PollForTransfer), (1620 bytes).
    Removing stm32f1xx_hal_dma.o(i.HAL_DMA_RegisterCallback), (90 bytes).
    Removing stm32f1xx_hal_dma.o(i.HAL_DMA_Start), (114 bytes).
    Removing stm32f1xx_hal_dma.o(i.HAL_DMA_Start_IT), (156 bytes).
    Removing stm32f1xx_hal_dma.o(i.HAL_DMA_UnRegisterCallback), (106 bytes).
    Removing stm32f1xx_hal_cortex.o(.rev16_text), (4 bytes).
    Removing stm32f1xx_hal_cortex.o(.revsh_text), (4 bytes).
    Removing stm32f1xx_hal_cortex.o(.rrx_text), (6 bytes).
    Removing stm32f1xx_hal_cortex.o(i.HAL_NVIC_ClearPendingIRQ), (28 bytes).
    Removing stm32f1xx_hal_cortex.o(i.HAL_NVIC_DisableIRQ), (28 bytes).
    Removing stm32f1xx_hal_cortex.o(i.HAL_NVIC_EnableIRQ), (26 bytes).
    Removing stm32f1xx_hal_cortex.o(i.HAL_NVIC_GetActive), (40 bytes).
    Removing stm32f1xx_hal_cortex.o(i.HAL_NVIC_GetPendingIRQ), (40 bytes).
    Removing stm32f1xx_hal_cortex.o(i.HAL_NVIC_GetPriority), (148 bytes).
    Removing stm32f1xx_hal_cortex.o(i.HAL_NVIC_GetPriorityGrouping), (8 bytes).
    Removing stm32f1xx_hal_cortex.o(i.HAL_NVIC_SetPendingIRQ), (28 bytes).
    Removing stm32f1xx_hal_cortex.o(i.HAL_NVIC_SystemReset), (68 bytes).
    Removing stm32f1xx_hal_cortex.o(i.HAL_SYSTICK_CLKSourceConfig), (40 bytes).
    Removing stm32f1xx_hal_cortex.o(i.HAL_SYSTICK_Callback), (2 bytes).
    Removing stm32f1xx_hal_cortex.o(i.HAL_SYSTICK_IRQHandler), (8 bytes).
    Removing stm32f1xx_hal_pwr.o(.rev16_text), (4 bytes).
    Removing stm32f1xx_hal_pwr.o(.revsh_text), (4 bytes).
    Removing stm32f1xx_hal_pwr.o(.rrx_text), (6 bytes).
    Removing stm32f1xx_hal_pwr.o(i.HAL_PWR_ConfigPVD), (180 bytes).
    Removing stm32f1xx_hal_pwr.o(i.HAL_PWR_DeInit), (28 bytes).
    Removing stm32f1xx_hal_pwr.o(i.HAL_PWR_DisableBkUpAccess), (12 bytes).
    Removing stm32f1xx_hal_pwr.o(i.HAL_PWR_DisablePVD), (12 bytes).
    Removing stm32f1xx_hal_pwr.o(i.HAL_PWR_DisableSEVOnPend), (20 bytes).
    Removing stm32f1xx_hal_pwr.o(i.HAL_PWR_DisableSleepOnExit), (20 bytes).
    Removing stm32f1xx_hal_pwr.o(i.HAL_PWR_DisableWakeUpPin), (28 bytes).
    Removing stm32f1xx_hal_pwr.o(i.HAL_PWR_EnableBkUpAccess), (12 bytes).
    Removing stm32f1xx_hal_pwr.o(i.HAL_PWR_EnablePVD), (12 bytes).
    Removing stm32f1xx_hal_pwr.o(i.HAL_PWR_EnableSEVOnPend), (20 bytes).
    Removing stm32f1xx_hal_pwr.o(i.HAL_PWR_EnableSleepOnExit), (20 bytes).
    Removing stm32f1xx_hal_pwr.o(i.HAL_PWR_EnableWakeUpPin), (28 bytes).
    Removing stm32f1xx_hal_pwr.o(i.HAL_PWR_EnterSLEEPMode), (32 bytes).
    Removing stm32f1xx_hal_pwr.o(i.HAL_PWR_EnterSTANDBYMode), (40 bytes).
    Removing stm32f1xx_hal_pwr.o(i.HAL_PWR_EnterSTOPMode), (84 bytes).
    Removing stm32f1xx_hal_pwr.o(i.HAL_PWR_PVDCallback), (2 bytes).
    Removing stm32f1xx_hal_pwr.o(i.HAL_PWR_PVD_IRQHandler), (32 bytes).
    Removing stm32f1xx_hal_pwr.o(i.PWR_OverloadWfe), (6 bytes).
    Removing stm32f1xx_hal_flash.o(.rev16_text), (4 bytes).
    Removing stm32f1xx_hal_flash.o(.revsh_text), (4 bytes).
    Removing stm32f1xx_hal_flash.o(.rrx_text), (6 bytes).
    Removing stm32f1xx_hal_flash.o(i.FLASH_Program_HalfWord), (32 bytes).
    Removing stm32f1xx_hal_flash.o(i.FLASH_SetErrorCode), (132 bytes).
    Removing stm32f1xx_hal_flash.o(i.FLASH_WaitForLastOperation), (112 bytes).
    Removing stm32f1xx_hal_flash.o(i.HAL_FLASH_EndOfOperationCallback), (2 bytes).
    Removing stm32f1xx_hal_flash.o(i.HAL_FLASH_GetError), (12 bytes).
    Removing stm32f1xx_hal_flash.o(i.HAL_FLASH_IRQHandler), (384 bytes).
    Removing stm32f1xx_hal_flash.o(i.HAL_FLASH_Lock), (20 bytes).
    Removing stm32f1xx_hal_flash.o(i.HAL_FLASH_OB_Launch), (8 bytes).
    Removing stm32f1xx_hal_flash.o(i.HAL_FLASH_OB_Lock), (20 bytes).
    Removing stm32f1xx_hal_flash.o(i.HAL_FLASH_OB_Unlock), (44 bytes).
    Removing stm32f1xx_hal_flash.o(i.HAL_FLASH_OperationErrorCallback), (2 bytes).
    Removing stm32f1xx_hal_flash.o(i.HAL_FLASH_Program), (176 bytes).
    Removing stm32f1xx_hal_flash.o(i.HAL_FLASH_Program_IT), (124 bytes).
    Removing stm32f1xx_hal_flash.o(i.HAL_FLASH_Unlock), (48 bytes).
    Removing stm32f1xx_hal_flash.o(.bss), (32 bytes).
    Removing stm32f1xx_hal_flash_ex.o(.rev16_text), (4 bytes).
    Removing stm32f1xx_hal_flash_ex.o(.revsh_text), (4 bytes).
    Removing stm32f1xx_hal_flash_ex.o(.rrx_text), (6 bytes).
    Removing stm32f1xx_hal_flash_ex.o(i.FLASH_MassErase), (40 bytes).
    Removing stm32f1xx_hal_flash_ex.o(i.FLASH_OB_DisableWRP), (232 bytes).
    Removing stm32f1xx_hal_flash_ex.o(i.FLASH_OB_EnableWRP), (236 bytes).
    Removing stm32f1xx_hal_flash_ex.o(i.FLASH_OB_GetRDP), (28 bytes).
    Removing stm32f1xx_hal_flash_ex.o(i.FLASH_OB_GetUser), (16 bytes).
    Removing stm32f1xx_hal_flash_ex.o(i.FLASH_OB_GetWRP), (12 bytes).
    Removing stm32f1xx_hal_flash_ex.o(i.FLASH_OB_ProgramData), (76 bytes).
    Removing stm32f1xx_hal_flash_ex.o(i.FLASH_OB_RDP_LevelConfig), (124 bytes).
    Removing stm32f1xx_hal_flash_ex.o(i.FLASH_OB_UserConfig), (84 bytes).
    Removing stm32f1xx_hal_flash_ex.o(i.FLASH_PageErase), (40 bytes).
    Removing stm32f1xx_hal_flash_ex.o(i.HAL_FLASHEx_Erase), (176 bytes).
    Removing stm32f1xx_hal_flash_ex.o(i.HAL_FLASHEx_Erase_IT), (100 bytes).
    Removing stm32f1xx_hal_flash_ex.o(i.HAL_FLASHEx_OBErase), (96 bytes).
    Removing stm32f1xx_hal_flash_ex.o(i.HAL_FLASHEx_OBGetConfig), (28 bytes).
    Removing stm32f1xx_hal_flash_ex.o(i.HAL_FLASHEx_OBGetUserData), (40 bytes).
    Removing stm32f1xx_hal_flash_ex.o(i.HAL_FLASHEx_OBProgram), (200 bytes).
    Removing system_stm32f1xx.o(.rev16_text), (4 bytes).
    Removing system_stm32f1xx.o(.revsh_text), (4 bytes).
    Removing system_stm32f1xx.o(.rrx_text), (6 bytes).
    Removing system_stm32f1xx.o(i.SystemCoreClockUpdate), (164 bytes).
    Removing os_sem.o(.rev16_text), (4 bytes).
    Removing os_sem.o(.revsh_text), (4 bytes).
    Removing os_sem.o(.rrx_text), (6 bytes).
    Removing os_sem.o(i.OS_SEM_Destroy), (44 bytes).
    Removing os_sem.o(i.OS_SEM_GetInfo), (36 bytes).
    Removing os_sem.o(i.OS_SEM_Init), (40 bytes).
    Removing os_sem.o(i.OS_SEM_NoWait), (42 bytes).
    Removing os_sem.o(i.OS_SEM_Notify), (88 bytes).
    Removing os_sem.o(i.OS_SEM_Wait), (72 bytes).
    Removing os_task.o(.rev16_text), (4 bytes).
    Removing os_task.o(.revsh_text), (4 bytes).
    Removing os_task.o(.rrx_text), (6 bytes).
    Removing os_task.o(i.OS_TASK_DelayRemove), (52 bytes).
    Removing os_task.o(i.OS_TASK_DeleteReq), (32 bytes).
    Removing os_task.o(i.OS_TASK_ForceDelete), (64 bytes).
    Removing os_task.o(i.OS_TASK_GetTaskInfo), (50 bytes).
    Removing os_task.o(i.OS_TASK_IsDelete), (14 bytes).
    Removing os_task.o(i.OS_TASK_RegisterCLearFn), (28 bytes).
    Removing os_task.o(i.OS_TASK_RunFirst), (16 bytes).
    Removing os_task.o(i.OS_TASK_ScheduleDisable), (40 bytes).
    Removing os_task.o(i.OS_TASK_ScheduleEnable), (32 bytes).
    Removing os_task.o(i.OS_TASK_ScheduleRemove), (80 bytes).
    Removing os_task.o(i.OS_TASK_SelfDelete), (60 bytes).
    Removing os_task.o(i.OS_TASK_SuspendTask), (76 bytes).
    Removing os_task.o(i.OS_TASK_TriggerPendSVC), (20 bytes).
    Removing os_task.o(i.OS_TASK_WakeUpTask), (54 bytes).
    Removing os_com.o(.rev16_text), (4 bytes).
    Removing os_com.o(.revsh_text), (4 bytes).
    Removing os_com.o(.rrx_text), (6 bytes).
    Removing os_com.o(i.OS_COM_InitBitmap), (6 bytes).
    Removing os_com.o(i.OS_COM_RemoveFirstNode), (36 bytes).
    Removing os_event.o(.rev16_text), (4 bytes).
    Removing os_event.o(.revsh_text), (4 bytes).
    Removing os_event.o(.rrx_text), (6 bytes).
    Removing os_event.o(i.OS_EVENT_ClearAll), (92 bytes).
    Removing os_event.o(i.OS_EVENT_Delete), (62 bytes).
    Removing os_event.o(i.OS_EVENT_GetEventCount), (28 bytes).
    Removing os_event.o(i.OS_EVENT_Wait), (72 bytes).
    Removing os_event.o(i.OS_EVENT_Wake), (82 bytes).

209 unused section(s) (total 13050 bytes) removed from the image.

==============================================================================

Image Symbol Table

    Local Symbols

    Symbol Name                              Value     Ov Type        Size  Object(Section)

    ../Drivers/STM32F1xx_HAL_Driver/Src/stm32f1xx_hal.c 0x00000000   Number         0  stm32f1xx_hal.o ABSOLUTE
    ../Drivers/STM32F1xx_HAL_Driver/Src/stm32f1xx_hal_cortex.c 0x00000000   Number         0  stm32f1xx_hal_cortex.o ABSOLUTE
    ../Drivers/STM32F1xx_HAL_Driver/Src/stm32f1xx_hal_dma.c 0x00000000   Number         0  stm32f1xx_hal_dma.o ABSOLUTE
    ../Drivers/STM32F1xx_HAL_Driver/Src/stm32f1xx_hal_flash.c 0x00000000   Number         0  stm32f1xx_hal_flash.o ABSOLUTE
    ../Drivers/STM32F1xx_HAL_Driver/Src/stm32f1xx_hal_flash_ex.c 0x00000000   Number         0  stm32f1xx_hal_flash_ex.o ABSOLUTE
    ../Drivers/STM32F1xx_HAL_Driver/Src/stm32f1xx_hal_gpio.c 0x00000000   Number         0  stm32f1xx_hal_gpio.o ABSOLUTE
    ../Drivers/STM32F1xx_HAL_Driver/Src/stm32f1xx_hal_gpio_ex.c 0x00000000   Number         0  stm32f1xx_hal_gpio_ex.o ABSOLUTE
    ../Drivers/STM32F1xx_HAL_Driver/Src/stm32f1xx_hal_pwr.c 0x00000000   Number         0  stm32f1xx_hal_pwr.o ABSOLUTE
    ../Drivers/STM32F1xx_HAL_Driver/Src/stm32f1xx_hal_rcc.c 0x00000000   Number         0  stm32f1xx_hal_rcc.o ABSOLUTE
    ../Drivers/STM32F1xx_HAL_Driver/Src/stm32f1xx_hal_rcc_ex.c 0x00000000   Number         0  stm32f1xx_hal_rcc_ex.o ABSOLUTE
    ../Drivers/STM32F1xx_HAL_Driver/Src/stm32f1xx_hal_tim.c 0x00000000   Number         0  stm32f1xx_hal_tim.o ABSOLUTE
    ../Drivers/STM32F1xx_HAL_Driver/Src/stm32f1xx_hal_tim_ex.c 0x00000000   Number         0  stm32f1xx_hal_tim_ex.o ABSOLUTE
    ../Src/main.c                            0x00000000   Number         0  main.o ABSOLUTE
    ../Src/stm32f1xx_hal_msp.c               0x00000000   Number         0  stm32f1xx_hal_msp.o ABSOLUTE
    ../Src/stm32f1xx_it.c                    0x00000000   Number         0  stm32f1xx_it.o ABSOLUTE
    ../Src/system_stm32f1xx.c                0x00000000   Number         0  system_stm32f1xx.o ABSOLUTE
    ../clib/../cmprslib/zerorunl2.c          0x00000000   Number         0  __dczerorl2.o ABSOLUTE
    ../clib/microlib/init/entry.s            0x00000000   Number         0  entry9a.o ABSOLUTE
    ../clib/microlib/init/entry.s            0x00000000   Number         0  entry8a.o ABSOLUTE
    ../clib/microlib/init/entry.s            0x00000000   Number         0  entry7b.o ABSOLUTE
    ../clib/microlib/init/entry.s            0x00000000   Number         0  entry7a.o ABSOLUTE
    ../clib/microlib/init/entry.s            0x00000000   Number         0  entry5.o ABSOLUTE
    ../clib/microlib/init/entry.s            0x00000000   Number         0  entry2.o ABSOLUTE
    ../clib/microlib/init/entry.s            0x00000000   Number         0  entry.o ABSOLUTE
    ../clib/microlib/init/entry.s            0x00000000   Number         0  entry8b.o ABSOLUTE
    ../clib/microlib/init/entry.s            0x00000000   Number         0  entry11b.o ABSOLUTE
    ../clib/microlib/init/entry.s            0x00000000   Number         0  entry11a.o ABSOLUTE
    ../clib/microlib/init/entry.s            0x00000000   Number         0  entry10b.o ABSOLUTE
    ../clib/microlib/init/entry.s            0x00000000   Number         0  entry10a.o ABSOLUTE
    ../clib/microlib/init/entry.s            0x00000000   Number         0  entry9b.o ABSOLUTE
    ../clib/microlib/longlong.c              0x00000000   Number         0  llushr.o ABSOLUTE
    ../clib/microlib/string/memset.c         0x00000000   Number         0  memseta.o ABSOLUTE
    ..\..\..\DiyOS\OS_COM.c                  0x00000000   Number         0  os_com.o ABSOLUTE
    ..\..\..\DiyOS\OS_EVENT.c                0x00000000   Number         0  os_event.o ABSOLUTE
    ..\..\..\DiyOS\OS_MEM.c                  0x00000000   Number         0  os_mem.o ABSOLUTE
    ..\..\..\DiyOS\OS_MUTEX.c                0x00000000   Number         0  os_mutex.o ABSOLUTE
    ..\..\..\DiyOS\OS_SEM.c                  0x00000000   Number         0  os_sem.o ABSOLUTE
    ..\..\..\DiyOS\OS_TASK.c                 0x00000000   Number         0  os_task.o ABSOLUTE
    ..\Drivers\STM32F1xx_HAL_Driver\Src\stm32f1xx_hal.c 0x00000000   Number         0  stm32f1xx_hal.o ABSOLUTE
    ..\Drivers\STM32F1xx_HAL_Driver\Src\stm32f1xx_hal_cortex.c 0x00000000   Number         0  stm32f1xx_hal_cortex.o ABSOLUTE
    ..\Drivers\STM32F1xx_HAL_Driver\Src\stm32f1xx_hal_dma.c 0x00000000   Number         0  stm32f1xx_hal_dma.o ABSOLUTE
    ..\Drivers\STM32F1xx_HAL_Driver\Src\stm32f1xx_hal_flash.c 0x00000000   Number         0  stm32f1xx_hal_flash.o ABSOLUTE
    ..\Drivers\STM32F1xx_HAL_Driver\Src\stm32f1xx_hal_flash_ex.c 0x00000000   Number         0  stm32f1xx_hal_flash_ex.o ABSOLUTE
    ..\Drivers\STM32F1xx_HAL_Driver\Src\stm32f1xx_hal_gpio.c 0x00000000   Number         0  stm32f1xx_hal_gpio.o ABSOLUTE
    ..\Drivers\STM32F1xx_HAL_Driver\Src\stm32f1xx_hal_gpio_ex.c 0x00000000   Number         0  stm32f1xx_hal_gpio_ex.o ABSOLUTE
    ..\Drivers\STM32F1xx_HAL_Driver\Src\stm32f1xx_hal_pwr.c 0x00000000   Number         0  stm32f1xx_hal_pwr.o ABSOLUTE
    ..\Drivers\STM32F1xx_HAL_Driver\Src\stm32f1xx_hal_rcc.c 0x00000000   Number         0  stm32f1xx_hal_rcc.o ABSOLUTE
    ..\Drivers\STM32F1xx_HAL_Driver\Src\stm32f1xx_hal_rcc_ex.c 0x00000000   Number         0  stm32f1xx_hal_rcc_ex.o ABSOLUTE
    ..\Drivers\STM32F1xx_HAL_Driver\Src\stm32f1xx_hal_tim.c 0x00000000   Number         0  stm32f1xx_hal_tim.o ABSOLUTE
    ..\Drivers\STM32F1xx_HAL_Driver\Src\stm32f1xx_hal_tim_ex.c 0x00000000   Number         0  stm32f1xx_hal_tim_ex.o ABSOLUTE
    ..\Src\main.c                            0x00000000   Number         0  main.o ABSOLUTE
    ..\Src\stm32f1xx_hal_msp.c               0x00000000   Number         0  stm32f1xx_hal_msp.o ABSOLUTE
    ..\Src\stm32f1xx_it.c                    0x00000000   Number         0  stm32f1xx_it.o ABSOLUTE
    ..\Src\system_stm32f1xx.c                0x00000000   Number         0  system_stm32f1xx.o ABSOLUTE
    ..\\..\\..\\DiyOS\\OS_COM.c              0x00000000   Number         0  os_com.o ABSOLUTE
    ..\\..\\..\\DiyOS\\OS_EVENT.c            0x00000000   Number         0  os_event.o ABSOLUTE
    ..\\..\\..\\DiyOS\\OS_SEM.c              0x00000000   Number         0  os_sem.o ABSOLUTE
    ..\\..\\..\\DiyOS\\OS_TASK.c             0x00000000   Number         0  os_task.o ABSOLUTE
    dc.s                                     0x00000000   Number         0  dc.o ABSOLUTE
    handlers.s                               0x00000000   Number         0  handlers.o ABSOLUTE
    init.s                                   0x00000000   Number         0  init.o ABSOLUTE
    startup_stm32f103xe.s                    0x00000000   Number         0  startup_stm32f103xe.o ABSOLUTE
    RESET                                    0x08000000   Section      304  startup_stm32f103xe.o(RESET)
    .ARM.Collect$$$$00000000                 0x08000130   Section        0  entry.o(.ARM.Collect$$$$00000000)
    .ARM.Collect$$$$00000001                 0x08000130   Section        4  entry2.o(.ARM.Collect$$$$00000001)
    .ARM.Collect$$$$00000004                 0x08000134   Section        4  entry5.o(.ARM.Collect$$$$00000004)
    .ARM.Collect$$$$00000008                 0x08000138   Section        0  entry7b.o(.ARM.Collect$$$$00000008)
    .ARM.Collect$$$$0000000A                 0x08000138   Section        0  entry8b.o(.ARM.Collect$$$$0000000A)
    .ARM.Collect$$$$0000000B                 0x08000138   Section        8  entry9a.o(.ARM.Collect$$$$0000000B)
    .ARM.Collect$$$$0000000D                 0x08000140   Section        0  entry10a.o(.ARM.Collect$$$$0000000D)
    .ARM.Collect$$$$0000000F                 0x08000140   Section        0  entry11a.o(.ARM.Collect$$$$0000000F)
    .ARM.Collect$$$$00002712                 0x08000140   Section        4  entry2.o(.ARM.Collect$$$$00002712)
    __lit__00000000                          0x08000140   Data           4  entry2.o(.ARM.Collect$$$$00002712)
    .emb_text                                0x08000144   Section       48  os_task.o(.emb_text)
    .text                                    0x08000174   Section       36  startup_stm32f103xe.o(.text)
    .text                                    0x08000198   Section        0  memseta.o(.text)
    .text                                    0x080001bc   Section       36  init.o(.text)
    .text                                    0x080001e0   Section        0  __dczerorl2.o(.text)
    i.BusFault_Handler                       0x08000236   Section        0  stm32f1xx_it.o(i.BusFault_Handler)
    i.DebugMon_Handler                       0x0800023a   Section        0  stm32f1xx_it.o(i.DebugMon_Handler)
    i.Error_Handler                          0x0800023c   Section        0  main.o(i.Error_Handler)
    i.HAL_GetTick                            0x08000240   Section        0  stm32f1xx_hal.o(i.HAL_GetTick)
    i.HAL_Init                               0x0800024c   Section        0  stm32f1xx_hal.o(i.HAL_Init)
    i.HAL_InitTick                           0x08000274   Section        0  stm32f1xx_hal.o(i.HAL_InitTick)
    i.HAL_MspInit                            0x080002c0   Section        0  stm32f1xx_hal_msp.o(i.HAL_MspInit)
    i.HAL_NVIC_SetPriority                   0x08000314   Section        0  stm32f1xx_hal_cortex.o(i.HAL_NVIC_SetPriority)
    i.HAL_NVIC_SetPriorityGrouping           0x08000390   Section        0  stm32f1xx_hal_cortex.o(i.HAL_NVIC_SetPriorityGrouping)
    i.HAL_RCC_ClockConfig                    0x080003b8   Section        0  stm32f1xx_hal_rcc.o(i.HAL_RCC_ClockConfig)
    i.HAL_RCC_GetSysClockFreq                0x08000588   Section        0  stm32f1xx_hal_rcc.o(i.HAL_RCC_GetSysClockFreq)
    i.HAL_RCC_OscConfig                      0x0800061c   Section        0  stm32f1xx_hal_rcc.o(i.HAL_RCC_OscConfig)
    i.HAL_SYSTICK_Config                     0x08000a5c   Section        0  stm32f1xx_hal_cortex.o(i.HAL_SYSTICK_Config)
    i.HardFault_Handler                      0x08000a90   Section        0  stm32f1xx_it.o(i.HardFault_Handler)
    i.MX_GPIO_Init                           0x08000a94   Section        0  main.o(i.MX_GPIO_Init)
    MX_GPIO_Init                             0x08000a95   Thumb Code     2  main.o(i.MX_GPIO_Init)
    i.MemManage_Handler                      0x08000a96   Section        0  stm32f1xx_it.o(i.MemManage_Handler)
    i.NMI_Handler                            0x08000a9a   Section        0  stm32f1xx_it.o(i.NMI_Handler)
    i.NVIC_GetPriorityGrouping               0x08000a9c   Section        0  stm32f1xx_hal_cortex.o(i.NVIC_GetPriorityGrouping)
    NVIC_GetPriorityGrouping                 0x08000a9d   Thumb Code    10  stm32f1xx_hal_cortex.o(i.NVIC_GetPriorityGrouping)
    i.NVIC_SetPriority                       0x08000aac   Section        0  stm32f1xx_hal_cortex.o(i.NVIC_SetPriority)
    NVIC_SetPriority                         0x08000aad   Thumb Code    32  stm32f1xx_hal_cortex.o(i.NVIC_SetPriority)
    i.OS_COM_AddNode                         0x08000ad4   Section        0  os_com.o(i.OS_COM_AddNode)
    i.OS_COM_ClrBitmap                       0x08000af8   Section        0  os_com.o(i.OS_COM_ClrBitmap)
    i.OS_COM_DelNode                         0x08000b04   Section        0  os_com.o(i.OS_COM_DelNode)
    i.OS_COM_GetFirstBit                     0x08000b30   Section        0  os_com.o(i.OS_COM_GetFirstBit)
    i.OS_COM_GetNodeCount                    0x08000b84   Section        0  os_com.o(i.OS_COM_GetNodeCount)
    i.OS_COM_InitList                        0x08000b8a   Section        0  os_com.o(i.OS_COM_InitList)
    i.OS_COM_SetBitmap                       0x08000ba0   Section        0  os_com.o(i.OS_COM_SetBitmap)
    i.OS_EVENT_Init                          0x08000bac   Section        0  os_event.o(i.OS_EVENT_Init)
    i.OS_TASK_Delay                          0x08000bc0   Section        0  os_task.o(i.OS_TASK_Delay)
    i.OS_TASK_DelayWait                      0x08000bf0   Section        0  os_task.o(i.OS_TASK_DelayWait)
    i.OS_TASK_DelayWakeup                    0x08000c18   Section        0  os_task.o(i.OS_TASK_DelayWakeup)
    i.OS_TASK_EnterCritical                  0x08000c3c   Section        0  os_task.o(i.OS_TASK_EnterCritical)
    i.OS_TASK_ExitCritical                   0x08000c48   Section        0  os_task.o(i.OS_TASK_ExitCritical)
    i.OS_TASK_HighestReadyTask               0x08000c54   Section        0  os_task.o(i.OS_TASK_HighestReadyTask)
    i.OS_TASK_Init                           0x08000c78   Section        0  os_task.o(i.OS_TASK_Init)
    i.OS_TASK_OSInit                         0x08000d4c   Section        0  os_task.o(i.OS_TASK_OSInit)
    i.OS_TASK_Sched                          0x08000d94   Section        0  os_task.o(i.OS_TASK_Sched)
    i.OS_TASK_ScheduleInit                   0x08000dd4   Section        0  os_task.o(i.OS_TASK_ScheduleInit)
    i.OS_TASK_SetSysTickPeriod               0x08000de0   Section        0  os_task.o(i.OS_TASK_SetSysTickPeriod)
    i.OS_TASK_Switch                         0x08000e38   Section        0  os_task.o(i.OS_TASK_Switch)
    i.OS_TASK_SystemTickHandler              0x08000e48   Section        0  os_task.o(i.OS_TASK_SystemTickHandler)
    i.OS_TASK_TaskRdy                        0x08000ef4   Section        0  os_task.o(i.OS_TASK_TaskRdy)
    i.OS_TASK_TaskUnRdy                      0x08000f1c   Section        0  os_task.o(i.OS_TASK_TaskUnRdy)
    i.RCC_Delay                              0x08000f58   Section        0  stm32f1xx_hal_rcc.o(i.RCC_Delay)
    RCC_Delay                                0x08000f59   Thumb Code    36  stm32f1xx_hal_rcc.o(i.RCC_Delay)
    i.SVC_Handler                            0x08000f80   Section        0  stm32f1xx_it.o(i.SVC_Handler)
    i.SysTick_Handler                        0x08000f82   Section        0  os_task.o(i.SysTick_Handler)
    i.SystemClock_Config                     0x08000f8a   Section        0  main.o(i.SystemClock_Config)
    i.SystemInit                             0x08000ff0   Section        0  system_stm32f1xx.o(i.SystemInit)
    i.UsageFault_Handler                     0x08001048   Section        0  stm32f1xx_it.o(i.UsageFault_Handler)
    i.__scatterload_copy                     0x0800104c   Section       14  handlers.o(i.__scatterload_copy)
    i.__scatterload_null                     0x0800105a   Section        2  handlers.o(i.__scatterload_null)
    i.__scatterload_zeroinit                 0x0800105c   Section       14  handlers.o(i.__scatterload_zeroinit)
    i.main                                   0x0800106c   Section        0  main.o(i.main)
    i.task1                                  0x080010f0   Section        0  main.o(i.task1)
    i.task2                                  0x0800110c   Section        0  main.o(i.task2)
    i.taskIdle                               0x08001120   Section        0  main.o(i.taskIdle)
    .constdata                               0x08001134   Section       24  system_stm32f1xx.o(.constdata)
    .data                                    0x20000000   Section       16  main.o(.data)
    unFlag1                                  0x20000004   Data           4  main.o(.data)
    unFlag2                                  0x20000008   Data           4  main.o(.data)
    unCnt                                    0x2000000c   Data           4  main.o(.data)
    .data                                    0x20000010   Section        9  stm32f1xx_hal.o(.data)
    .data                                    0x2000001c   Section        4  system_stm32f1xx.o(.data)
    .data                                    0x20000020   Section       16  os_task.o(.data)
    gunSchedule                              0x2000002c   Data           4  os_task.o(.data)
    .data                                    0x20000030   Section      256  os_com.o(.data)
    .bss                                     0x20000130   Section    12480  main.o(.bss)
    .bss                                     0x200031f0   Section      396  os_task.o(.bss)
    STACK                                    0x20003380   Section     1024  startup_stm32f103xe.o(STACK)

    Global Symbols

    Symbol Name                              Value     Ov Type        Size  Object(Section)

    BuildAttributes$$THM_ISAv4$P$D$K$B$S$PE$A:L22UL41UL21$X:L11$S22US41US21$IEEE1$IW$USESV6$~STKCKD$USESV7$~SHL$OSPACE$EBA8$MICROLIB$REQ8$PRES8$EABIv2 0x00000000   Number         0  anon$$obj.o ABSOLUTE
    __ARM_use_no_argv                        0x00000000   Number         0  main.o ABSOLUTE
    __cpp_initialize__aeabi_                  - Undefined Weak Reference
    __cxa_finalize                            - Undefined Weak Reference
    _clock_init                               - Undefined Weak Reference
    _microlib_exit                            - Undefined Weak Reference
    __Vectors_Size                           0x00000130   Number         0  startup_stm32f103xe.o ABSOLUTE
    __Vectors                                0x08000000   Data           4  startup_stm32f103xe.o(RESET)
    __Vectors_End                            0x08000130   Data           0  startup_stm32f103xe.o(RESET)
    __main                                   0x08000131   Thumb Code     0  entry.o(.ARM.Collect$$$$00000000)
    _main_stk                                0x08000131   Thumb Code     0  entry2.o(.ARM.Collect$$$$00000001)
    _main_scatterload                        0x08000135   Thumb Code     0  entry5.o(.ARM.Collect$$$$00000004)
    __main_after_scatterload                 0x08000139   Thumb Code     0  entry5.o(.ARM.Collect$$$$00000004)
    _main_clock                              0x08000139   Thumb Code     0  entry7b.o(.ARM.Collect$$$$00000008)
    _main_cpp_init                           0x08000139   Thumb Code     0  entry8b.o(.ARM.Collect$$$$0000000A)
    _main_init                               0x08000139   Thumb Code     0  entry9a.o(.ARM.Collect$$$$0000000B)
    __rt_final_cpp                           0x08000141   Thumb Code     0  entry10a.o(.ARM.Collect$$$$0000000D)
    __rt_final_exit                          0x08000141   Thumb Code     0  entry11a.o(.ARM.Collect$$$$0000000F)
    PendSV_Handler                           0x08000145   Thumb Code    40  os_task.o(.emb_text)
    Reset_Handler                            0x08000175   Thumb Code     8  startup_stm32f103xe.o(.text)
    ADC1_2_IRQHandler                        0x0800018f   Thumb Code     0  startup_stm32f103xe.o(.text)
    ADC3_IRQHandler                          0x0800018f   Thumb Code     0  startup_stm32f103xe.o(.text)
    CAN1_RX1_IRQHandler                      0x0800018f   Thumb Code     0  startup_stm32f103xe.o(.text)
    CAN1_SCE_IRQHandler                      0x0800018f   Thumb Code     0  startup_stm32f103xe.o(.text)
    DMA1_Channel1_IRQHandler                 0x0800018f   Thumb Code     0  startup_stm32f103xe.o(.text)
    DMA1_Channel2_IRQHandler                 0x0800018f   Thumb Code     0  startup_stm32f103xe.o(.text)
    DMA1_Channel3_IRQHandler                 0x0800018f   Thumb Code     0  startup_stm32f103xe.o(.text)
    DMA1_Channel4_IRQHandler                 0x0800018f   Thumb Code     0  startup_stm32f103xe.o(.text)
    DMA1_Channel5_IRQHandler                 0x0800018f   Thumb Code     0  startup_stm32f103xe.o(.text)
    DMA1_Channel6_IRQHandler                 0x0800018f   Thumb Code     0  startup_stm32f103xe.o(.text)
    DMA1_Channel7_IRQHandler                 0x0800018f   Thumb Code     0  startup_stm32f103xe.o(.text)
    DMA2_Channel1_IRQHandler                 0x0800018f   Thumb Code     0  startup_stm32f103xe.o(.text)
    DMA2_Channel2_IRQHandler                 0x0800018f   Thumb Code     0  startup_stm32f103xe.o(.text)
    DMA2_Channel3_IRQHandler                 0x0800018f   Thumb Code     0  startup_stm32f103xe.o(.text)
    DMA2_Channel4_5_IRQHandler               0x0800018f   Thumb Code     0  startup_stm32f103xe.o(.text)
    EXTI0_IRQHandler                         0x0800018f   Thumb Code     0  startup_stm32f103xe.o(.text)
    EXTI15_10_IRQHandler                     0x0800018f   Thumb Code     0  startup_stm32f103xe.o(.text)
    EXTI1_IRQHandler                         0x0800018f   Thumb Code     0  startup_stm32f103xe.o(.text)
    EXTI2_IRQHandler                         0x0800018f   Thumb Code     0  startup_stm32f103xe.o(.text)
    EXTI3_IRQHandler                         0x0800018f   Thumb Code     0  startup_stm32f103xe.o(.text)
    EXTI4_IRQHandler                         0x0800018f   Thumb Code     0  startup_stm32f103xe.o(.text)
    EXTI9_5_IRQHandler                       0x0800018f   Thumb Code     0  startup_stm32f103xe.o(.text)
    FLASH_IRQHandler                         0x0800018f   Thumb Code     0  startup_stm32f103xe.o(.text)
    FSMC_IRQHandler                          0x0800018f   Thumb Code     0  startup_stm32f103xe.o(.text)
    I2C1_ER_IRQHandler                       0x0800018f   Thumb Code     0  startup_stm32f103xe.o(.text)
    I2C1_EV_IRQHandler                       0x0800018f   Thumb Code     0  startup_stm32f103xe.o(.text)
    I2C2_ER_IRQHandler                       0x0800018f   Thumb Code     0  startup_stm32f103xe.o(.text)
    I2C2_EV_IRQHandler                       0x0800018f   Thumb Code     0  startup_stm32f103xe.o(.text)
    PVD_IRQHandler                           0x0800018f   Thumb Code     0  startup_stm32f103xe.o(.text)
    RCC_IRQHandler                           0x0800018f   Thumb Code     0  startup_stm32f103xe.o(.text)
    RTC_Alarm_IRQHandler                     0x0800018f   Thumb Code     0  startup_stm32f103xe.o(.text)
    RTC_IRQHandler                           0x0800018f   Thumb Code     0  startup_stm32f103xe.o(.text)
    SDIO_IRQHandler                          0x0800018f   Thumb Code     0  startup_stm32f103xe.o(.text)
    SPI1_IRQHandler                          0x0800018f   Thumb Code     0  startup_stm32f103xe.o(.text)
    SPI2_IRQHandler                          0x0800018f   Thumb Code     0  startup_stm32f103xe.o(.text)
    SPI3_IRQHandler                          0x0800018f   Thumb Code     0  startup_stm32f103xe.o(.text)
    TAMPER_IRQHandler                        0x0800018f   Thumb Code     0  startup_stm32f103xe.o(.text)
    TIM1_BRK_IRQHandler                      0x0800018f   Thumb Code     0  startup_stm32f103xe.o(.text)
    TIM1_CC_IRQHandler                       0x0800018f   Thumb Code     0  startup_stm32f103xe.o(.text)
    TIM1_TRG_COM_IRQHandler                  0x0800018f   Thumb Code     0  startup_stm32f103xe.o(.text)
    TIM1_UP_IRQHandler                       0x0800018f   Thumb Code     0  startup_stm32f103xe.o(.text)
    TIM2_IRQHandler                          0x0800018f   Thumb Code     0  startup_stm32f103xe.o(.text)
    TIM3_IRQHandler                          0x0800018f   Thumb Code     0  startup_stm32f103xe.o(.text)
    TIM4_IRQHandler                          0x0800018f   Thumb Code     0  startup_stm32f103xe.o(.text)
    TIM5_IRQHandler                          0x0800018f   Thumb Code     0  startup_stm32f103xe.o(.text)
    TIM6_IRQHandler                          0x0800018f   Thumb Code     0  startup_stm32f103xe.o(.text)
    TIM7_IRQHandler                          0x0800018f   Thumb Code     0  startup_stm32f103xe.o(.text)
    TIM8_BRK_IRQHandler                      0x0800018f   Thumb Code     0  startup_stm32f103xe.o(.text)
    TIM8_CC_IRQHandler                       0x0800018f   Thumb Code     0  startup_stm32f103xe.o(.text)
    TIM8_TRG_COM_IRQHandler                  0x0800018f   Thumb Code     0  startup_stm32f103xe.o(.text)
    TIM8_UP_IRQHandler                       0x0800018f   Thumb Code     0  startup_stm32f103xe.o(.text)
    UART4_IRQHandler                         0x0800018f   Thumb Code     0  startup_stm32f103xe.o(.text)
    UART5_IRQHandler                         0x0800018f   Thumb Code     0  startup_stm32f103xe.o(.text)
    USART1_IRQHandler                        0x0800018f   Thumb Code     0  startup_stm32f103xe.o(.text)
    USART2_IRQHandler                        0x0800018f   Thumb Code     0  startup_stm32f103xe.o(.text)
    USART3_IRQHandler                        0x0800018f   Thumb Code     0  startup_stm32f103xe.o(.text)
    USBWakeUp_IRQHandler                     0x0800018f   Thumb Code     0  startup_stm32f103xe.o(.text)
    USB_HP_CAN1_TX_IRQHandler                0x0800018f   Thumb Code     0  startup_stm32f103xe.o(.text)
    USB_LP_CAN1_RX0_IRQHandler               0x0800018f   Thumb Code     0  startup_stm32f103xe.o(.text)
    WWDG_IRQHandler                          0x0800018f   Thumb Code     0  startup_stm32f103xe.o(.text)
    __aeabi_memset                           0x08000199   Thumb Code    14  memseta.o(.text)
    __aeabi_memset4                          0x08000199   Thumb Code     0  memseta.o(.text)
    __aeabi_memset8                          0x08000199   Thumb Code     0  memseta.o(.text)
    __aeabi_memclr                           0x080001a7   Thumb Code     4  memseta.o(.text)
    __aeabi_memclr4                          0x080001a7   Thumb Code     0  memseta.o(.text)
    __aeabi_memclr8                          0x080001a7   Thumb Code     0  memseta.o(.text)
    _memset$wrapper                          0x080001ab   Thumb Code    18  memseta.o(.text)
    __scatterload                            0x080001bd   Thumb Code    28  init.o(.text)
    __scatterload_rt2                        0x080001bd   Thumb Code     0  init.o(.text)
    __decompress                             0x080001e1   Thumb Code     0  __dczerorl2.o(.text)
    __decompress1                            0x080001e1   Thumb Code    86  __dczerorl2.o(.text)
    BusFault_Handler                         0x08000237   Thumb Code     4  stm32f1xx_it.o(i.BusFault_Handler)
    DebugMon_Handler                         0x0800023b   Thumb Code     2  stm32f1xx_it.o(i.DebugMon_Handler)
    Error_Handler                            0x0800023d   Thumb Code     2  main.o(i.Error_Handler)
    HAL_GetTick                              0x08000241   Thumb Code     6  stm32f1xx_hal.o(i.HAL_GetTick)
    HAL_Init                                 0x0800024d   Thumb Code    34  stm32f1xx_hal.o(i.HAL_Init)
    HAL_InitTick                             0x08000275   Thumb Code    64  stm32f1xx_hal.o(i.HAL_InitTick)
    HAL_MspInit                              0x080002c1   Thumb Code    76  stm32f1xx_hal_msp.o(i.HAL_MspInit)
    HAL_NVIC_SetPriority                     0x08000315   Thumb Code   124  stm32f1xx_hal_cortex.o(i.HAL_NVIC_SetPriority)
    HAL_NVIC_SetPriorityGrouping             0x08000391   Thumb Code    32  stm32f1xx_hal_cortex.o(i.HAL_NVIC_SetPriorityGrouping)
    HAL_RCC_ClockConfig                      0x080003b9   Thumb Code   446  stm32f1xx_hal_rcc.o(i.HAL_RCC_ClockConfig)
    HAL_RCC_GetSysClockFreq                  0x08000589   Thumb Code   116  stm32f1xx_hal_rcc.o(i.HAL_RCC_GetSysClockFreq)
    HAL_RCC_OscConfig                        0x0800061d   Thumb Code  1078  stm32f1xx_hal_rcc.o(i.HAL_RCC_OscConfig)
    HAL_SYSTICK_Config                       0x08000a5d   Thumb Code    52  stm32f1xx_hal_cortex.o(i.HAL_SYSTICK_Config)
    HardFault_Handler                        0x08000a91   Thumb Code     4  stm32f1xx_it.o(i.HardFault_Handler)
    MemManage_Handler                        0x08000a97   Thumb Code     4  stm32f1xx_it.o(i.MemManage_Handler)
    NMI_Handler                              0x08000a9b   Thumb Code     2  stm32f1xx_it.o(i.NMI_Handler)
    OS_COM_AddNode                           0x08000ad5   Thumb Code    36  os_com.o(i.OS_COM_AddNode)
    OS_COM_ClrBitmap                         0x08000af9   Thumb Code    12  os_com.o(i.OS_COM_ClrBitmap)
    OS_COM_DelNode                           0x08000b05   Thumb Code    42  os_com.o(i.OS_COM_DelNode)
    OS_COM_GetFirstBit                       0x08000b31   Thumb Code    78  os_com.o(i.OS_COM_GetFirstBit)
    OS_COM_GetNodeCount                      0x08000b85   Thumb Code     6  os_com.o(i.OS_COM_GetNodeCount)
    OS_COM_InitList                          0x08000b8b   Thumb Code    22  os_com.o(i.OS_COM_InitList)
    OS_COM_SetBitmap                         0x08000ba1   Thumb Code    12  os_com.o(i.OS_COM_SetBitmap)
    OS_EVENT_Init                            0x08000bad   Thumb Code    18  os_event.o(i.OS_EVENT_Init)
    OS_TASK_Delay                            0x08000bc1   Thumb Code    42  os_task.o(i.OS_TASK_Delay)
    OS_TASK_DelayWait                        0x08000bf1   Thumb Code    34  os_task.o(i.OS_TASK_DelayWait)
    OS_TASK_DelayWakeup                      0x08000c19   Thumb Code    30  os_task.o(i.OS_TASK_DelayWakeup)
    OS_TASK_EnterCritical                    0x08000c3d   Thumb Code    12  os_task.o(i.OS_TASK_EnterCritical)
    OS_TASK_ExitCritical                     0x08000c49   Thumb Code    10  os_task.o(i.OS_TASK_ExitCritical)
    OS_TASK_HighestReadyTask                 0x08000c55   Thumb Code    26  os_task.o(i.OS_TASK_HighestReadyTask)
    OS_TASK_Init                             0x08000c79   Thumb Code   204  os_task.o(i.OS_TASK_Init)
    OS_TASK_OSInit                           0x08000d4d   Thumb Code    60  os_task.o(i.OS_TASK_OSInit)
    OS_TASK_Sched                            0x08000d95   Thumb Code    50  os_task.o(i.OS_TASK_Sched)
    OS_TASK_ScheduleInit                     0x08000dd5   Thumb Code     8  os_task.o(i.OS_TASK_ScheduleInit)
    OS_TASK_SetSysTickPeriod                 0x08000de1   Thumb Code    74  os_task.o(i.OS_TASK_SetSysTickPeriod)
    OS_TASK_Switch                           0x08000e39   Thumb Code    10  os_task.o(i.OS_TASK_Switch)
    OS_TASK_SystemTickHandler                0x08000e49   Thumb Code   160  os_task.o(i.OS_TASK_SystemTickHandler)
    OS_TASK_TaskRdy                          0x08000ef5   Thumb Code    32  os_task.o(i.OS_TASK_TaskRdy)
    OS_TASK_TaskUnRdy                        0x08000f1d   Thumb Code    50  os_task.o(i.OS_TASK_TaskUnRdy)
    SVC_Handler                              0x08000f81   Thumb Code     2  stm32f1xx_it.o(i.SVC_Handler)
    SysTick_Handler                          0x08000f83   Thumb Code     8  os_task.o(i.SysTick_Handler)
    SystemClock_Config                       0x08000f8b   Thumb Code   102  main.o(i.SystemClock_Config)
    SystemInit                               0x08000ff1   Thumb Code    70  system_stm32f1xx.o(i.SystemInit)
    UsageFault_Handler                       0x08001049   Thumb Code     4  stm32f1xx_it.o(i.UsageFault_Handler)
    __scatterload_copy                       0x0800104d   Thumb Code    14  handlers.o(i.__scatterload_copy)
    __scatterload_null                       0x0800105b   Thumb Code     2  handlers.o(i.__scatterload_null)
    __scatterload_zeroinit                   0x0800105d   Thumb Code    14  handlers.o(i.__scatterload_zeroinit)
    main                                     0x0800106d   Thumb Code    90  main.o(i.main)
    task1                                    0x080010f1   Thumb Code    24  main.o(i.task1)
    task2                                    0x0800110d   Thumb Code    14  main.o(i.task2)
    taskIdle                                 0x08001121   Thumb Code    14  main.o(i.taskIdle)
    AHBPrescTable                            0x08001134   Data          16  system_stm32f1xx.o(.constdata)
    APBPrescTable                            0x08001144   Data           8  system_stm32f1xx.o(.constdata)
    Region$$Table$$Base                      0x0800114c   Number         0  anon$$obj.o(Region$$Table)
    Region$$Table$$Limit                     0x0800116c   Number         0  anon$$obj.o(Region$$Table)
    unShareCount                             0x20000000   Data           4  main.o(.data)
    uwTick                                   0x20000010   Data           4  stm32f1xx_hal.o(.data)
    uwTickPrio                               0x20000014   Data           4  stm32f1xx_hal.o(.data)
    uwTickFreq                               0x20000018   Data           1  stm32f1xx_hal.o(.data)
    SystemCoreClock                          0x2000001c   Data           4  system_stm32f1xx.o(.data)
    currentTask                              0x20000020   Data           4  os_task.o(.data)
    nextTask                                 0x20000024   Data           4  os_task.o(.data)
    tBitmap                                  0x20000028   Data           4  os_task.o(.data)
    bitmaptable                              0x20000030   Data         256  os_com.o(.data)
    task1Env                                 0x20000130   Data        4096  main.o(.bss)
    task2Env                                 0x20001130   Data        4096  main.o(.bss)
    tTask1                                   0x20002130   Data          64  main.o(.bss)
    tTask2                                   0x20002170   Data          64  main.o(.bss)
    tTaskIdle                                0x200021b0   Data          64  main.o(.bss)
    taskIdleEnv                              0x200021f0   Data        4096  main.o(.bss)
    tNodeList                                0x200031f0   Data          12  os_task.o(.bss)
    taskTable                                0x200031fc   Data         384  os_task.o(.bss)
    __initial_sp                             0x20003780   Data           0  startup_stm32f103xe.o(STACK)



==============================================================================

Memory Map of the image

  Image Entry point : 0x08000131

  Load Region LR_IROM1 (Base: 0x08000000, Size: 0x0000129c, Max: 0x00080000, ABSOLUTE, COMPRESSED[0x00001190])

    Execution Region ER_IROM1 (Exec base: 0x08000000, Load base: 0x08000000, Size: 0x0000116c, Max: 0x00080000, ABSOLUTE)

    Exec Addr    Load Addr    Size         Type   Attr      Idx    E Section Name        Object

    0x08000000   0x08000000   0x00000130   Data   RO            3    RESET               startup_stm32f103xe.o
    0x08000130   0x08000130   0x00000000   Code   RO         1705  * .ARM.Collect$$$$00000000  mc_w.l(entry.o)
    0x08000130   0x08000130   0x00000004   Code   RO         1712    .ARM.Collect$$$$00000001  mc_w.l(entry2.o)
    0x08000134   0x08000134   0x00000004   Code   RO         1715    .ARM.Collect$$$$00000004  mc_w.l(entry5.o)
    0x08000138   0x08000138   0x00000000   Code   RO         1717    .ARM.Collect$$$$00000008  mc_w.l(entry7b.o)
    0x08000138   0x08000138   0x00000000   Code   RO         1719    .ARM.Collect$$$$0000000A  mc_w.l(entry8b.o)
    0x08000138   0x08000138   0x00000008   Code   RO         1720    .ARM.Collect$$$$0000000B  mc_w.l(entry9a.o)
    0x08000140   0x08000140   0x00000000   Code   RO         1722    .ARM.Collect$$$$0000000D  mc_w.l(entry10a.o)
    0x08000140   0x08000140   0x00000000   Code   RO         1724    .ARM.Collect$$$$0000000F  mc_w.l(entry11a.o)
    0x08000140   0x08000140   0x00000004   Code   RO         1713    .ARM.Collect$$$$00002712  mc_w.l(entry2.o)
    0x08000144   0x08000144   0x00000030   Code   RO         1355    .emb_text           os_task.o
    0x08000174   0x08000174   0x00000024   Code   RO            4    .text               startup_stm32f103xe.o
    0x08000198   0x08000198   0x00000024   Code   RO         1710    .text               mc_w.l(memseta.o)
    0x080001bc   0x080001bc   0x00000024   Code   RO         1726    .text               mc_w.l(init.o)
    0x080001e0   0x080001e0   0x00000056   Code   RO         1736    .text               mc_w.l(__dczerorl2.o)
    0x08000236   0x08000236   0x00000004   Code   RO          164    i.BusFault_Handler  stm32f1xx_it.o
    0x0800023a   0x0800023a   0x00000002   Code   RO          165    i.DebugMon_Handler  stm32f1xx_it.o
    0x0800023c   0x0800023c   0x00000002   Code   RO           13    i.Error_Handler     main.o
    0x0800023e   0x0800023e   0x00000002   PAD
    0x08000240   0x08000240   0x0000000c   Code   RO          334    i.HAL_GetTick       stm32f1xx_hal.o
    0x0800024c   0x0800024c   0x00000028   Code   RO          339    i.HAL_Init          stm32f1xx_hal.o
    0x08000274   0x08000274   0x0000004c   Code   RO          340    i.HAL_InitTick      stm32f1xx_hal.o
    0x080002c0   0x080002c0   0x00000054   Code   RO          227    i.HAL_MspInit       stm32f1xx_hal_msp.o
    0x08000314   0x08000314   0x0000007c   Code   RO          797    i.HAL_NVIC_SetPriority  stm32f1xx_hal_cortex.o
    0x08000390   0x08000390   0x00000028   Code   RO          798    i.HAL_NVIC_SetPriorityGrouping  stm32f1xx_hal_cortex.o
    0x080003b8   0x080003b8   0x000001d0   Code   RO          486    i.HAL_RCC_ClockConfig  stm32f1xx_hal_rcc.o
    0x08000588   0x08000588   0x00000094   Code   RO          495    i.HAL_RCC_GetSysClockFreq  stm32f1xx_hal_rcc.o
    0x0800061c   0x0800061c   0x00000440   Code   RO          498    i.HAL_RCC_OscConfig  stm32f1xx_hal_rcc.o
    0x08000a5c   0x08000a5c   0x00000034   Code   RO          802    i.HAL_SYSTICK_Config  stm32f1xx_hal_cortex.o
    0x08000a90   0x08000a90   0x00000004   Code   RO          166    i.HardFault_Handler  stm32f1xx_it.o
    0x08000a94   0x08000a94   0x00000002   Code   RO           14    i.MX_GPIO_Init      main.o
    0x08000a96   0x08000a96   0x00000004   Code   RO          167    i.MemManage_Handler  stm32f1xx_it.o
    0x08000a9a   0x08000a9a   0x00000002   Code   RO          168    i.NMI_Handler       stm32f1xx_it.o
    0x08000a9c   0x08000a9c   0x00000010   Code   RO          804    i.NVIC_GetPriorityGrouping  stm32f1xx_hal_cortex.o
    0x08000aac   0x08000aac   0x00000028   Code   RO          805    i.NVIC_SetPriority  stm32f1xx_hal_cortex.o
    0x08000ad4   0x08000ad4   0x00000024   Code   RO         1575    i.OS_COM_AddNode    os_com.o
    0x08000af8   0x08000af8   0x0000000c   Code   RO         1576    i.OS_COM_ClrBitmap  os_com.o
    0x08000b04   0x08000b04   0x0000002a   Code   RO         1577    i.OS_COM_DelNode    os_com.o
    0x08000b2e   0x08000b2e   0x00000002   PAD
    0x08000b30   0x08000b30   0x00000054   Code   RO         1578    i.OS_COM_GetFirstBit  os_com.o
    0x08000b84   0x08000b84   0x00000006   Code   RO         1579    i.OS_COM_GetNodeCount  os_com.o
    0x08000b8a   0x08000b8a   0x00000016   Code   RO         1581    i.OS_COM_InitList   os_com.o
    0x08000ba0   0x08000ba0   0x0000000c   Code   RO         1583    i.OS_COM_SetBitmap  os_com.o
    0x08000bac   0x08000bac   0x00000012   Code   RO         1653    i.OS_EVENT_Init     os_event.o
    0x08000bbe   0x08000bbe   0x00000002   PAD
    0x08000bc0   0x08000bc0   0x00000030   Code   RO         1356    i.OS_TASK_Delay     os_task.o
    0x08000bf0   0x08000bf0   0x00000028   Code   RO         1358    i.OS_TASK_DelayWait  os_task.o
    0x08000c18   0x08000c18   0x00000024   Code   RO         1359    i.OS_TASK_DelayWakeup  os_task.o
    0x08000c3c   0x08000c3c   0x0000000c   Code   RO         1361    i.OS_TASK_EnterCritical  os_task.o
    0x08000c48   0x08000c48   0x0000000a   Code   RO         1362    i.OS_TASK_ExitCritical  os_task.o
    0x08000c52   0x08000c52   0x00000002   PAD
    0x08000c54   0x08000c54   0x00000024   Code   RO         1365    i.OS_TASK_HighestReadyTask  os_task.o
    0x08000c78   0x08000c78   0x000000d4   Code   RO         1366    i.OS_TASK_Init      os_task.o
    0x08000d4c   0x08000d4c   0x00000048   Code   RO         1368    i.OS_TASK_OSInit    os_task.o
    0x08000d94   0x08000d94   0x00000040   Code   RO         1371    i.OS_TASK_Sched     os_task.o
    0x08000dd4   0x08000dd4   0x0000000c   Code   RO         1374    i.OS_TASK_ScheduleInit  os_task.o
    0x08000de0   0x08000de0   0x00000058   Code   RO         1377    i.OS_TASK_SetSysTickPeriod  os_task.o
    0x08000e38   0x08000e38   0x00000010   Code   RO         1379    i.OS_TASK_Switch    os_task.o
    0x08000e48   0x08000e48   0x000000ac   Code   RO         1380    i.OS_TASK_SystemTickHandler  os_task.o
    0x08000ef4   0x08000ef4   0x00000028   Code   RO         1381    i.OS_TASK_TaskRdy   os_task.o
    0x08000f1c   0x08000f1c   0x0000003c   Code   RO         1382    i.OS_TASK_TaskUnRdy  os_task.o
    0x08000f58   0x08000f58   0x00000028   Code   RO          499    i.RCC_Delay         stm32f1xx_hal_rcc.o
    0x08000f80   0x08000f80   0x00000002   Code   RO          169    i.SVC_Handler       stm32f1xx_it.o
    0x08000f82   0x08000f82   0x00000008   Code   RO         1385    i.SysTick_Handler   os_task.o
    0x08000f8a   0x08000f8a   0x00000066   Code   RO           15    i.SystemClock_Config  main.o
    0x08000ff0   0x08000ff0   0x00000058   Code   RO         1246    i.SystemInit        system_stm32f1xx.o
    0x08001048   0x08001048   0x00000004   Code   RO          170    i.UsageFault_Handler  stm32f1xx_it.o
    0x0800104c   0x0800104c   0x0000000e   Code   RO         1730    i.__scatterload_copy  mc_w.l(handlers.o)
    0x0800105a   0x0800105a   0x00000002   Code   RO         1731    i.__scatterload_null  mc_w.l(handlers.o)
    0x0800105c   0x0800105c   0x0000000e   Code   RO         1732    i.__scatterload_zeroinit  mc_w.l(handlers.o)
    0x0800106a   0x0800106a   0x00000002   PAD
    0x0800106c   0x0800106c   0x00000084   Code   RO           17    i.main              main.o
    0x080010f0   0x080010f0   0x0000001c   Code   RO           18    i.task1             main.o
    0x0800110c   0x0800110c   0x00000014   Code   RO           19    i.task2             main.o
    0x08001120   0x08001120   0x00000014   Code   RO           20    i.taskIdle          main.o
    0x08001134   0x08001134   0x00000018   Data   RO         1247    .constdata          system_stm32f1xx.o
    0x0800114c   0x0800114c   0x00000020   Data   RO         1728    Region$$Table       anon$$obj.o


    Execution Region RW_IRAM1 (Exec base: 0x20000000, Load base: 0x0800116c, Size: 0x00003780, Max: 0x00010000, ABSOLUTE, COMPRESSED[0x00000024])

    Exec Addr    Load Addr    Size         Type   Attr      Idx    E Section Name        Object

    0x20000000   COMPRESSED   0x00000010   Data   RW           22    .data               main.o
    0x20000010   COMPRESSED   0x00000009   Data   RW          346    .data               stm32f1xx_hal.o
    0x20000019   COMPRESSED   0x00000003   PAD
    0x2000001c   COMPRESSED   0x00000004   Data   RW         1248    .data               system_stm32f1xx.o
    0x20000020   COMPRESSED   0x00000010   Data   RW         1387    .data               os_task.o
    0x20000030   COMPRESSED   0x00000100   Data   RW         1584    .data               os_com.o
    0x20000130        -       0x000030c0   Zero   RW           21    .bss                main.o
    0x200031f0        -       0x0000018c   Zero   RW         1386    .bss                os_task.o
    0x2000337c   COMPRESSED   0x00000004   PAD
    0x20003380        -       0x00000400   Zero   RW            1    STACK               startup_stm32f103xe.o


==============================================================================

Image component sizes


      Code (inc. data)   RO Data    RW Data    ZI Data      Debug   Object Name

       306         58          0         16      12480     438400   main.o
       214          6          0        256          0       4199   os_com.o
        18          0          0          0          0        560   os_event.o
       974        124          0         16        396      36712   os_task.o
        36          8        304          0       1024        776   startup_stm32f103xe.o
       128         24          0          9          0       5255   stm32f1xx_hal.o
       272         22          0          0          0      25434   stm32f1xx_hal_cortex.o
        84          8          0          0          0        814   stm32f1xx_hal_msp.o
      1740         82          0          0          0       4204   stm32f1xx_hal_rcc.o
        22          0          0          0          0       2775   stm32f1xx_it.o
        88         18         24          4          0       1079   system_stm32f1xx.o

    ----------------------------------------------------------------------
      3890        350        360        304      13904     520208   Object Totals
         0          0         32          0          0          0   (incl. Generated)
         8          0          0          3          4          0   (incl. Padding)

    ----------------------------------------------------------------------

      Code (inc. data)   RO Data    RW Data    ZI Data      Debug   Library Member Name

        86          0          0          0          0          0   __dczerorl2.o
         0          0          0          0          0          0   entry.o
         0          0          0          0          0          0   entry10a.o
         0          0          0          0          0          0   entry11a.o
         8          4          0          0          0          0   entry2.o
         4          0          0          0          0          0   entry5.o
         0          0          0          0          0          0   entry7b.o
         0          0          0          0          0          0   entry8b.o
         8          4          0          0          0          0   entry9a.o
        30          0          0          0          0          0   handlers.o
        36          8          0          0          0         68   init.o
        36          0          0          0          0        108   memseta.o

    ----------------------------------------------------------------------
       210         16          0          0          0        176   Library Totals
         2          0          0          0          0          0   (incl. Padding)

    ----------------------------------------------------------------------

      Code (inc. data)   RO Data    RW Data    ZI Data      Debug   Library Name

       208         16          0          0          0        176   mc_w.l

    ----------------------------------------------------------------------
       210         16          0          0          0        176   Library Totals

    ----------------------------------------------------------------------

==============================================================================


      Code (inc. data)   RO Data    RW Data    ZI Data      Debug   

      4100        366        360        304      13904     518172   Grand Totals
      4100        366        360         36      13904     518172   ELF Image Totals (compressed)
      4100        366        360         36          0          0   ROM Totals

==============================================================================

    Total RO  Size (Code + RO Data)                 4460 (   4.36kB)
    Total RW  Size (RW Data + ZI Data)             14208 (  13.88kB)
    Total ROM Size (Code + RO Data + RW Data)       4496 (   4.39kB)

==============================================================================

